Archive member included to satisfy reference by file (symbol)

/opt/st/stm32cubeide_1.12.1/plugins/com.st.stm32cube.ide.mcu.externaltools.gnu-tools-for-stm32.10.3-2021.10.linux64_1.0.200.202301161003/tools/bin/../lib/gcc/arm-none-eabi/10.3.1/../../../../arm-none-eabi/lib/thumb/v7e-m+fp/hard/libc_nano.a(lib_a-errno.o)
                              ./Core/Src/syscalls.o (__errno)
/opt/st/stm32cubeide_1.12.1/plugins/com.st.stm32cube.ide.mcu.externaltools.gnu-tools-for-stm32.10.3-2021.10.linux64_1.0.200.202301161003/tools/bin/../lib/gcc/arm-none-eabi/10.3.1/../../../../arm-none-eabi/lib/thumb/v7e-m+fp/hard/libc_nano.a(lib_a-exit.o)
                              /opt/st/stm32cubeide_1.12.1/plugins/com.st.stm32cube.ide.mcu.externaltools.gnu-tools-for-stm32.10.3-2021.10.linux64_1.0.200.202301161003/tools/bin/../lib/gcc/arm-none-eabi/10.3.1/../../../../arm-none-eabi/lib/thumb/v7e-m+fp/hard/crt0.o (exit)
/opt/st/stm32cubeide_1.12.1/plugins/com.st.stm32cube.ide.mcu.externaltools.gnu-tools-for-stm32.10.3-2021.10.linux64_1.0.200.202301161003/tools/bin/../lib/gcc/arm-none-eabi/10.3.1/../../../../arm-none-eabi/lib/thumb/v7e-m+fp/hard/libc_nano.a(lib_a-impure.o)
                              /opt/st/stm32cubeide_1.12.1/plugins/com.st.stm32cube.ide.mcu.externaltools.gnu-tools-for-stm32.10.3-2021.10.linux64_1.0.200.202301161003/tools/bin/../lib/gcc/arm-none-eabi/10.3.1/../../../../arm-none-eabi/lib/thumb/v7e-m+fp/hard/libc_nano.a(lib_a-exit.o) (_global_impure_ptr)
/opt/st/stm32cubeide_1.12.1/plugins/com.st.stm32cube.ide.mcu.externaltools.gnu-tools-for-stm32.10.3-2021.10.linux64_1.0.200.202301161003/tools/bin/../lib/gcc/arm-none-eabi/10.3.1/../../../../arm-none-eabi/lib/thumb/v7e-m+fp/hard/libc_nano.a(lib_a-init.o)
                              /opt/st/stm32cubeide_1.12.1/plugins/com.st.stm32cube.ide.mcu.externaltools.gnu-tools-for-stm32.10.3-2021.10.linux64_1.0.200.202301161003/tools/bin/../lib/gcc/arm-none-eabi/10.3.1/../../../../arm-none-eabi/lib/thumb/v7e-m+fp/hard/crt0.o (__libc_init_array)
/opt/st/stm32cubeide_1.12.1/plugins/com.st.stm32cube.ide.mcu.externaltools.gnu-tools-for-stm32.10.3-2021.10.linux64_1.0.200.202301161003/tools/bin/../lib/gcc/arm-none-eabi/10.3.1/../../../../arm-none-eabi/lib/thumb/v7e-m+fp/hard/libc_nano.a(lib_a-memset.o)
                              /opt/st/stm32cubeide_1.12.1/plugins/com.st.stm32cube.ide.mcu.externaltools.gnu-tools-for-stm32.10.3-2021.10.linux64_1.0.200.202301161003/tools/bin/../lib/gcc/arm-none-eabi/10.3.1/../../../../arm-none-eabi/lib/thumb/v7e-m+fp/hard/crt0.o (memset)
/opt/st/stm32cubeide_1.12.1/plugins/com.st.stm32cube.ide.mcu.externaltools.gnu-tools-for-stm32.10.3-2021.10.linux64_1.0.200.202301161003/tools/bin/../lib/gcc/arm-none-eabi/10.3.1/../../../../arm-none-eabi/lib/thumb/v7e-m+fp/hard/libc_nano.a(lib_a-printf.o)
                              ./Core/Src/main.o (printf)
/opt/st/stm32cubeide_1.12.1/plugins/com.st.stm32cube.ide.mcu.externaltools.gnu-tools-for-stm32.10.3-2021.10.linux64_1.0.200.202301161003/tools/bin/../lib/gcc/arm-none-eabi/10.3.1/../../../../arm-none-eabi/lib/thumb/v7e-m+fp/hard/libc_nano.a(lib_a-findfp.o)
                              /opt/st/stm32cubeide_1.12.1/plugins/com.st.stm32cube.ide.mcu.externaltools.gnu-tools-for-stm32.10.3-2021.10.linux64_1.0.200.202301161003/tools/bin/../lib/gcc/arm-none-eabi/10.3.1/../../../../arm-none-eabi/lib/thumb/v7e-m+fp/hard/libc_nano.a(lib_a-printf.o) (__sinit)
/opt/st/stm32cubeide_1.12.1/plugins/com.st.stm32cube.ide.mcu.externaltools.gnu-tools-for-stm32.10.3-2021.10.linux64_1.0.200.202301161003/tools/bin/../lib/gcc/arm-none-eabi/10.3.1/../../../../arm-none-eabi/lib/thumb/v7e-m+fp/hard/libc_nano.a(lib_a-fwalk.o)
                              /opt/st/stm32cubeide_1.12.1/plugins/com.st.stm32cube.ide.mcu.externaltools.gnu-tools-for-stm32.10.3-2021.10.linux64_1.0.200.202301161003/tools/bin/../lib/gcc/arm-none-eabi/10.3.1/../../../../arm-none-eabi/lib/thumb/v7e-m+fp/hard/libc_nano.a(lib_a-findfp.o) (_fwalk)
/opt/st/stm32cubeide_1.12.1/plugins/com.st.stm32cube.ide.mcu.externaltools.gnu-tools-for-stm32.10.3-2021.10.linux64_1.0.200.202301161003/tools/bin/../lib/gcc/arm-none-eabi/10.3.1/../../../../arm-none-eabi/lib/thumb/v7e-m+fp/hard/libc_nano.a(lib_a-lock.o)
                              /opt/st/stm32cubeide_1.12.1/plugins/com.st.stm32cube.ide.mcu.externaltools.gnu-tools-for-stm32.10.3-2021.10.linux64_1.0.200.202301161003/tools/bin/../lib/gcc/arm-none-eabi/10.3.1/../../../../arm-none-eabi/lib/thumb/v7e-m+fp/hard/libc_nano.a(lib_a-findfp.o) (__retarget_lock_init_recursive)
/opt/st/stm32cubeide_1.12.1/plugins/com.st.stm32cube.ide.mcu.externaltools.gnu-tools-for-stm32.10.3-2021.10.linux64_1.0.200.202301161003/tools/bin/../lib/gcc/arm-none-eabi/10.3.1/../../../../arm-none-eabi/lib/thumb/v7e-m+fp/hard/libc_nano.a(lib_a-nano-mallocr.o)
[...]
Memory Configuration

Name             Origin             Length             Attributes
CCMRAM           0x0000000010000000 0x0000000000002000 xrw
RAM              0x0000000020000000 0x0000000000008000 xrw
FLASH            0x0000000008000000 0x0000000000020000 xr
*default*        0x0000000000000000 0xffffffffffffffff

Linker script and memory map

LOAD /opt/st/stm32cubeide_1.12.1/plugins/com.st.stm32cube.ide.mcu.externaltools.gnu-tools-for-stm32.10.3-2021.10.linux64_1.0.200.202301161003/tools/bin/../lib/gcc/arm-none-eabi/10.3.1/thumb/v7e-m+fp/hard/crti.o
LOAD /opt/st/stm32cubeide_1.12.1/plugins/com.st.stm32cube.ide.mcu.externaltools.gnu-tools-for-stm32.10.3-2021.10.linux64_1.0.200.202301161003/tools/bin/../lib/gcc/arm-none-eabi/10.3.1/thumb/v7e-m+fp/hard/crtbegin.o
LOAD /opt/st/stm32cubeide_1.12.1/plugins/com.st.stm32cube.ide.mcu.externaltools.gnu-tools-for-stm32.10.3-2021.10.linux64_1.0.200.202301161003/tools/bin/../lib/gcc/arm-none-eabi/10.3.1/../../../../arm-none-eabi/lib/thumb/v7e-m+fp/hard/crt0.o
LOAD ./Core/Src/main.o
LOAD ./Core/Src/stm32f3xx_hal_msp.o
LOAD ./Core/Src/stm32f3xx_it.o
LOAD ./Core/Src/syscalls.o
LOAD ./Core/Src/sysmem.o
LOAD ./Core/Src/system_stm32f3xx.o
LOAD ./Core/Startup/startup_stm32f303cbtx.o
LOAD ./Drivers/STM32F3xx_HAL_Driver/Src/stm32f3xx_hal.o
LOAD ./Drivers/STM32F3xx_HAL_Driver/Src/stm32f3xx_hal_cortex.o
LOAD ./Drivers/STM32F3xx_HAL_Driver/Src/stm32f3xx_hal_dma.o
LOAD ./Drivers/STM32F3xx_HAL_Driver/Src/stm32f3xx_hal_exti.o
LOAD ./Drivers/STM32F3xx_HAL_Driver/Src/stm32f3xx_hal_flash.o
LOAD ./Drivers/STM32F3xx_HAL_Driver/Src/stm32f3xx_hal_flash_ex.o
LOAD ./Drivers/STM32F3xx_HAL_Driver/Src/stm32f3xx_hal_gpio.o
LOAD ./Drivers/STM32F3xx_HAL_Driver/Src/stm32f3xx_hal_i2c.o
LOAD ./Drivers/STM32F3xx_HAL_Driver/Src/stm32f3xx_hal_i2c_ex.o
LOAD ./Drivers/STM32F3xx_HAL_Driver/Src/stm32f3xx_hal_pcd.o
LOAD ./Drivers/STM32F3xx_HAL_Driver/Src/stm32f3xx_hal_pcd_ex.o
LOAD ./Drivers/STM32F3xx_HAL_Driver/Src/stm32f3xx_hal_pwr.o
LOAD ./Drivers/STM32F3xx_HAL_Driver/Src/stm32f3xx_hal_pwr_ex.o
LOAD ./Drivers/STM32F3xx_HAL_Driver/Src/stm32f3xx_hal_rcc.o
LOAD ./Drivers/STM32F3xx_HAL_Driver/Src/stm32f3xx_hal_rcc_ex.o
LOAD ./Drivers/STM32F3xx_HAL_Driver/Src/stm32f3xx_hal_tim.o
LOAD ./Drivers/STM32F3xx_HAL_Driver/Src/stm32f3xx_hal_tim_ex.o
LOAD ./Drivers/STM32F3xx_HAL_Driver/Src/stm32f3xx_ll_usb.o
LOAD ./Middlewares/ST/STM32_USB_Device_Library/Class/CDC/Src/usbd_cdc.o
LOAD ./Middlewares/ST/STM32_USB_Device_Library/Core/Src/usbd_core.o
LOAD ./Middlewares/ST/STM32_USB_Device_Library/Core/Src/usbd_ctlreq.o
LOAD ./Middlewares/ST/STM32_USB_Device_Library/Core/Src/usbd_ioreq.o
LOAD ./USB_DEVICE/App/usb_device.o
LOAD ./USB_DEVICE/App/usbd_cdc_if.o
LOAD ./USB_DEVICE/App/usbd_desc.o
LOAD ./USB_DEVICE/Target/usbd_conf.o
START GROUP
LOAD /opt/st/stm32cubeide_1.12.1/plugins/com.st.stm32cube.ide.mcu.externaltools.gnu-tools-for-stm32.10.3-2021.10.linux64_1.0.200.202301161003/tools/bin/../lib/gcc/arm-none-eabi/10.3.1/../../../../arm-none-eabi/lib/thumb/v7e-m+fp/hard/libc_nano.a
LOAD /opt/st/stm32cubeide_1.12.1/plugins/com.st.stm32cube.ide.mcu.externaltools.gnu-tools-for-stm32.10.3-2021.10.linux64_1.0.200.202301161003/tools/bin/../lib/gcc/arm-none-eabi/10.3.1/../../../../arm-none-eabi/lib/thumb/v7e-m+fp/hard/libm.a
END GROUP
START GROUP
LOAD /opt/st/stm32cubeide_1.12.1/plugins/com.st.stm32cube.ide.mcu.externaltools.gnu-tools-for-stm32.10.3-2021.10.linux64_1.0.200.202301161003/tools/bin/../lib/gcc/arm-none-eabi/10.3.1/thumb/v7e-m+fp/hard/libgcc.a
LOAD /opt/st/stm32cubeide_1.12.1/plugins/com.st.stm32cube.ide.mcu.externaltools.gnu-tools-for-stm32.10.3-2021.10.linux64_1.0.200.202301161003/tools/bin/../lib/gcc/arm-none-eabi/10.3.1/../../../../arm-none-eabi/lib/thumb/v7e-m+fp/hard/libc_nano.a
END GROUP
START GROUP
LOAD /opt/st/stm32cubeide_1.12.1/plugins/com.st.stm32cube.ide.mcu.externaltools.gnu-tools-for-stm32.10.3-2021.10.linux64_1.0.200.202301161003/tools/bin/../lib/gcc/arm-none-eabi/10.3.1/thumb/v7e-m+fp/hard/libgcc.a
LOAD /opt/st/stm32cubeide_1.12.1/plugins/com.st.stm32cube.ide.mcu.externaltools.gnu-tools-for-stm32.10.3-2021.10.linux64_1.0.200.202301161003/tools/bin/../lib/gcc/arm-none-eabi/10.3.1/../../../../arm-none-eabi/lib/thumb/v7e-m+fp/hard/libc_nano.a
LOAD /opt/st/stm32cubeide_1.12.1/plugins/com.st.stm32cube.ide.mcu.externaltools.gnu-tools-for-stm32.10.3-2021.10.linux64_1.0.200.202301161003/tools/bin/../lib/gcc/arm-none-eabi/10.3.1/../../../../arm-none-eabi/lib/thumb/v7e-m+fp/hard/libnosys.a
END GROUP
START GROUP
LOAD /opt/st/stm32cubeide_1.12.1/plugins/com.st.stm32cube.ide.mcu.externaltools.gnu-tools-for-stm32.10.3-2021.10.linux64_1.0.200.202301161003/tools/bin/../lib/gcc/arm-none-eabi/10.3.1/thumb/v7e-m+fp/hard/libgcc.a
LOAD /opt/st/stm32cubeide_1.12.1/plugins/com.st.stm32cube.ide.mcu.externaltools.gnu-tools-for-stm32.10.3-2021.10.linux64_1.0.200.202301161003/tools/bin/../lib/gcc/arm-none-eabi/10.3.1/../../../../arm-none-eabi/lib/thumb/v7e-m+fp/hard/libc_nano.a
LOAD /opt/st/stm32cubeide_1.12.1/plugins/com.st.stm32cube.ide.mcu.externaltools.gnu-tools-for-stm32.10.3-2021.10.linux64_1.0.200.202301161003/tools/bin/../lib/gcc/arm-none-eabi/10.3.1/../../../../arm-none-eabi/lib/thumb/v7e-m+fp/hard/libnosys.a
END GROUP
LOAD /opt/st/stm32cubeide_1.12.1/plugins/com.st.stm32cube.ide.mcu.externaltools.gnu-tools-for-stm32.10.3-2021.10.linux64_1.0.200.202301161003/tools/bin/../lib/gcc/arm-none-eabi/10.3.1/thumb/v7e-m+fp/hard/crtend.o
LOAD /opt/st/stm32cubeide_1.12.1/plugins/com.st.stm32cube.ide.mcu.externaltools.gnu-tools-for-stm32.10.3-2021.10.linux64_1.0.200.202301161003/tools/bin/../lib/gcc/arm-none-eabi/10.3.1/thumb/v7e-m+fp/hard/crtn.o
                0x0000000020008000                _estack = (ORIGIN (RAM) + LENGTH (RAM))
                0x0000000000000600                _Min_Heap_Size = 0x600
                0x0000000000000400                _Min_Stack_Size = 0x400

.isr_vector     0x0000000008000000      0x188
                0x0000000008000000                . = ALIGN (0x4)
 *(.isr_vector)
 .isr_vector    0x0000000008000000      0x188 ./Core/Startup/startup_stm32f303cbtx.o
                0x0000000008000000                g_pfnVectors
                0x0000000008000188                . = ALIGN (0x4)

.text           0x0000000008000190     0xa5b4
                0x0000000008000190                . = ALIGN (0x4)
 *(.text)
 .text          0x0000000008000190       0x40 /opt/st/stm32cubeide_1.12.1/plugins/com.st.stm32cube.ide.mcu.externaltools.gnu-tools-for-stm32.10.3-2021.10.linux64_1.0.200.202301161003/tools/bin/../lib/gcc/arm-none-eabi/10.3.1/thumb/v7e-m+fp/hard/crtbegin.o
 .text          0x00000000080001d0       0xa0 /opt/st/stm32cubeide_1.12.1/plugins/com.st.stm32cube.ide.mcu.externaltools.gnu-tools-for-stm32.10.3-2021.10.linux64_1.0.200.202301161003/tools/bin/../lib/gcc/arm-none-eabi/10.3.1/../../../../arm-none-eabi/lib/thumb/v7e-m+fp/hard/libc_nano.a(lib_a-memchr.o)
                0x00000000080001d0                memchr
 *(.text*)
 .text.ITM_SendChar
                0x0000000008000270       0x4e ./Core/Src/main.o
 .text._write   0x00000000080002be       0x38 ./Core/Src/main.o
                0x00000000080002be                _write
 *fill*         0x00000000080002f6        0x2 
 .text.main     0x00000000080002f8      0x100 ./Core/Src/main.o
                0x00000000080002f8                main
 .text.SystemClock_Config
                0x00000000080003f8       0xbc ./Core/Src/main.o
                0x00000000080003f8                SystemClock_Config
 .text.MX_I2C1_Init
                0x00000000080004b4       0x80 ./Core/Src/main.o
 .text.MX_GPIO_Init
                0x0000000008000534       0x94 ./Core/Src/main.o
 .text.transmit_component_fields_USB
                0x00000000080005c8      0x1c4 ./Core/Src/main.o
 .text.hall_sensor_init
                0x000000000800078c       0x78 ./Core/Src/main.o
 .text.convert_8_to_16
                0x0000000008000804       0x3a ./Core/Src/main.o
 *fill*         0x000000000800083e        0x2 
 .text.single_read_component_field
                0x0000000008000840      0x150 ./Core/Src/main.o
 .text.Error_Handler
                0x0000000008000990        0xa ./Core/Src/main.o
                0x0000000008000990                Error_Handler
 *fill*         0x000000000800099a        0x2 
 .text.HAL_MspInit
                0x000000000800099c       0x48 ./Core/Src/stm32f3xx_hal_msp.o
                0x000000000800099c                HAL_MspInit
 .text.HAL_I2C_MspInit
                0x00000000080009e4       0x88 ./Core/Src/stm32f3xx_hal_msp.o
                0x00000000080009e4                HAL_I2C_MspInit
 .text.NMI_Handler
                0x0000000008000a6c        0x6 ./Core/Src/stm32f3xx_it.o
                0x0000000008000a6c                NMI_Handler
 .text.HardFault_Handler
                0x0000000008000a72        0x6 ./Core/Src/stm32f3xx_it.o
                0x0000000008000a72                HardFault_Handler
 .text.MemManage_Handler
                0x0000000008000a78        0x6 ./Core/Src/stm32f3xx_it.o
                0x0000000008000a78                MemManage_Handler
 .text.BusFault_Handler
                0x0000000008000a7e        0x6 ./Core/Src/stm32f3xx_it.o
                0x0000000008000a7e                BusFault_Handler
 .text.UsageFault_Handler
                0x0000000008000a84        0x6 ./Core/Src/stm32f3xx_it.o
                0x0000000008000a84                UsageFault_Handler
 .text.SVC_Handler
                0x0000000008000a8a        0xe ./Core/Src/stm32f3xx_it.o
                0x0000000008000a8a                SVC_Handler
 .text.DebugMon_Handler
                0x0000000008000a98        0xe ./Core/Src/stm32f3xx_it.o
                0x0000000008000a98                DebugMon_Handler
 .text.PendSV_Handler
                0x0000000008000aa6        0xe ./Core/Src/stm32f3xx_it.o
                0x0000000008000aa6                PendSV_Handler
 .text.SysTick_Handler
                0x0000000008000ab4        0xc ./Core/Src/stm32f3xx_it.o
                0x0000000008000ab4                SysTick_Handler
 .text.USB_LP_CAN_RX0_IRQHandler
                0x0000000008000ac0       0x14 ./Core/Src/stm32f3xx_it.o
                0x0000000008000ac0                USB_LP_CAN_RX0_IRQHandler
 .text._read    0x0000000008000ad4       0x3a ./Core/Src/syscalls.o
                0x0000000008000ad4                _read
 .text._close   0x0000000008000b0e       0x18 ./Core/Src/syscalls.o
                0x0000000008000b0e                _close
 .text._fstat   0x0000000008000b26       0x20 ./Core/Src/syscalls.o
                0x0000000008000b26                _fstat
 .text._isatty  0x0000000008000b46       0x16 ./Core/Src/syscalls.o
                0x0000000008000b46                _isatty
 .text._lseek   0x0000000008000b5c       0x1a ./Core/Src/syscalls.o
                0x0000000008000b5c                _lseek
 *fill*         0x0000000008000b76        0x2 
 .text._sbrk    0x0000000008000b78       0x6c ./Core/Src/sysmem.o
                0x0000000008000b78                _sbrk
 .text.SystemInit
                0x0000000008000be4       0x24 ./Core/Src/system_stm32f3xx.o
                0x0000000008000be4                SystemInit
 .text.Reset_Handler
                0x0000000008000c08       0x50 ./Core/Startup/startup_stm32f303cbtx.o
                0x0000000008000c08                Reset_Handler
 .text.Default_Handler
                0x0000000008000c58        0x2 ./Core/Startup/startup_stm32f303cbtx.o
                0x0000000008000c58                RTC_Alarm_IRQHandler
                0x0000000008000c58                TIM8_TRG_COM_IRQHandler
                0x0000000008000c58                TIM8_CC_IRQHandler
                0x0000000008000c58                TIM1_CC_IRQHandler
                0x0000000008000c58                USB_HP_IRQHandler
                0x0000000008000c58                PVD_IRQHandler
                0x0000000008000c58                TAMP_STAMP_IRQHandler
                0x0000000008000c58                EXTI3_IRQHandler
                0x0000000008000c58                USB_HP_CAN_TX_IRQHandler
                0x0000000008000c58                EXTI0_IRQHandler
                0x0000000008000c58                I2C2_EV_IRQHandler
                0x0000000008000c58                FPU_IRQHandler
                0x0000000008000c58                TIM1_UP_TIM16_IRQHandler
                0x0000000008000c58                ADC1_2_IRQHandler
                0x0000000008000c58                SPI1_IRQHandler
                0x0000000008000c58                CAN_SCE_IRQHandler
                0x0000000008000c58                TIM6_DAC_IRQHandler
                0x0000000008000c58                TIM8_UP_IRQHandler
                0x0000000008000c58                DMA2_Channel2_IRQHandler
                0x0000000008000c58                DMA1_Channel4_IRQHandler
                0x0000000008000c58                USART3_IRQHandler
                0x0000000008000c58                DMA1_Channel7_IRQHandler
                0x0000000008000c58                UART5_IRQHandler
                0x0000000008000c58                ADC3_IRQHandler
                0x0000000008000c58                TIM4_IRQHandler
                0x0000000008000c58                CAN_RX1_IRQHandler
                0x0000000008000c58                DMA2_Channel1_IRQHandler
                0x0000000008000c58                I2C1_EV_IRQHandler
                0x0000000008000c58                DMA1_Channel6_IRQHandler
                0x0000000008000c58                UART4_IRQHandler
                0x0000000008000c58                DMA2_Channel4_IRQHandler
                0x0000000008000c58                TIM3_IRQHandler
                0x0000000008000c58                RCC_IRQHandler
                0x0000000008000c58                DMA1_Channel1_IRQHandler
                0x0000000008000c58                Default_Handler
                0x0000000008000c58                USBWakeUp_RMP_IRQHandler
                0x0000000008000c58                EXTI15_10_IRQHandler
                0x0000000008000c58                TIM7_IRQHandler
                0x0000000008000c58                EXTI9_5_IRQHandler
                0x0000000008000c58                RTC_WKUP_IRQHandler
                0x0000000008000c58                SPI2_IRQHandler
                0x0000000008000c58                DMA2_Channel5_IRQHandler
                0x0000000008000c58                DMA1_Channel5_IRQHandler
                0x0000000008000c58                USB_LP_IRQHandler
                0x0000000008000c58                EXTI4_IRQHandler
                0x0000000008000c58                TIM1_TRG_COM_TIM17_IRQHandler
                0x0000000008000c58                DMA1_Channel3_IRQHandler
                0x0000000008000c58                ADC4_IRQHandler
                0x0000000008000c58                WWDG_IRQHandler
                0x0000000008000c58                TIM2_IRQHandler
                0x0000000008000c58                COMP7_IRQHandler
                0x0000000008000c58                COMP1_2_3_IRQHandler
                0x0000000008000c58                EXTI1_IRQHandler
                0x0000000008000c58                USART2_IRQHandler
                0x0000000008000c58                COMP4_5_6_IRQHandler
                0x0000000008000c58                I2C2_ER_IRQHandler
                0x0000000008000c58                DMA1_Channel2_IRQHandler
                0x0000000008000c58                TIM8_BRK_IRQHandler
                0x0000000008000c58                FLASH_IRQHandler
                0x0000000008000c58                USART1_IRQHandler
                0x0000000008000c58                SPI3_IRQHandler
                0x0000000008000c58                I2C1_ER_IRQHandler
                0x0000000008000c58                USBWakeUp_IRQHandler
                0x0000000008000c58                DMA2_Channel3_IRQHandler
                0x0000000008000c58                EXTI2_TSC_IRQHandler
                0x0000000008000c58                TIM1_BRK_TIM15_IRQHandler
 *fill*         0x0000000008000c5a        0x2 
 .text.HAL_Init
                0x0000000008000c5c       0x2c ./Drivers/STM32F3xx_HAL_Driver/Src/stm32f3xx_hal.o
                0x0000000008000c5c                HAL_Init
 .text.HAL_InitTick
                0x0000000008000c88       0x60 ./Drivers/STM32F3xx_HAL_Driver/Src/stm32f3xx_hal.o
                0x0000000008000c88                HAL_InitTick
 .text.HAL_IncTick
                0x0000000008000ce8       0x28 ./Drivers/STM32F3xx_HAL_Driver/Src/stm32f3xx_hal.o
                0x0000000008000ce8                HAL_IncTick
 .text.HAL_GetTick
                0x0000000008000d10       0x18 ./Drivers/STM32F3xx_HAL_Driver/Src/stm32f3xx_hal.o
                0x0000000008000d10                HAL_GetTick
 .text.HAL_Delay
                0x0000000008000d28       0x48 ./Drivers/STM32F3xx_HAL_Driver/Src/stm32f3xx_hal.o
                0x0000000008000d28                HAL_Delay
 .text.__NVIC_SetPriorityGrouping
                0x0000000008000d70       0x48 ./Drivers/STM32F3xx_HAL_Driver/Src/stm32f3xx_hal_cortex.o
 .text.__NVIC_GetPriorityGrouping
                0x0000000008000db8       0x1c ./Drivers/STM32F3xx_HAL_Driver/Src/stm32f3xx_hal_cortex.o
 .text.__NVIC_EnableIRQ
                0x0000000008000dd4       0x3c ./Drivers/STM32F3xx_HAL_Driver/Src/stm32f3xx_hal_cortex.o
 .text.__NVIC_SetPriority
                0x0000000008000e10       0x54 ./Drivers/STM32F3xx_HAL_Driver/Src/stm32f3xx_hal_cortex.o
 .text.NVIC_EncodePriority
                0x0000000008000e64       0x66 ./Drivers/STM32F3xx_HAL_Driver/Src/stm32f3xx_hal_cortex.o
 *fill*         0x0000000008000eca        0x2 
 .text.SysTick_Config
                0x0000000008000ecc       0x44 ./Drivers/STM32F3xx_HAL_Driver/Src/stm32f3xx_hal_cortex.o
 .text.HAL_NVIC_SetPriorityGrouping
                0x0000000008000f10       0x16 ./Drivers/STM32F3xx_HAL_Driver/Src/stm32f3xx_hal_cortex.o
                0x0000000008000f10                HAL_NVIC_SetPriorityGrouping
 .text.HAL_NVIC_SetPriority
                0x0000000008000f26       0x38 ./Drivers/STM32F3xx_HAL_Driver/Src/stm32f3xx_hal_cortex.o
                0x0000000008000f26                HAL_NVIC_SetPriority
 .text.HAL_NVIC_EnableIRQ
                0x0000000008000f5e       0x1c ./Drivers/STM32F3xx_HAL_Driver/Src/stm32f3xx_hal_cortex.o
                0x0000000008000f5e                HAL_NVIC_EnableIRQ
 .text.HAL_SYSTICK_Config
                0x0000000008000f7a       0x18 ./Drivers/STM32F3xx_HAL_Driver/Src/stm32f3xx_hal_cortex.o
                0x0000000008000f7a                HAL_SYSTICK_Config
 *fill*         0x0000000008000f92        0x2 
 .text.HAL_GPIO_Init
                0x0000000008000f94      0x2f4 ./Drivers/STM32F3xx_HAL_Driver/Src/stm32f3xx_hal_gpio.o
                0x0000000008000f94                HAL_GPIO_Init
 .text.HAL_GPIO_WritePin
                0x0000000008001288       0x30 ./Drivers/STM32F3xx_HAL_Driver/Src/stm32f3xx_hal_gpio.o
                0x0000000008001288                HAL_GPIO_WritePin
 .text.HAL_I2C_Init
                0x00000000080012b8      0x11e ./Drivers/STM32F3xx_HAL_Driver/Src/stm32f3xx_hal_i2c.o
                0x00000000080012b8                HAL_I2C_Init
 *fill*         0x00000000080013d6        0x2 
 .text.HAL_I2C_Mem_Write
                0x00000000080013d8      0x228 ./Drivers/STM32F3xx_HAL_Driver/Src/stm32f3xx_hal_i2c.o
                0x00000000080013d8                HAL_I2C_Mem_Write
 .text.HAL_I2C_Mem_Read
                0x0000000008001600      0x234 ./Drivers/STM32F3xx_HAL_Driver/Src/stm32f3xx_hal_i2c.o
                0x0000000008001600                HAL_I2C_Mem_Read
 .text.I2C_RequestMemoryWrite
                0x0000000008001834       0xa8 ./Drivers/STM32F3xx_HAL_Driver/Src/stm32f3xx_hal_i2c.o
 .text.I2C_RequestMemoryRead
                0x00000000080018dc       0xa8 ./Drivers/STM32F3xx_HAL_Driver/Src/stm32f3xx_hal_i2c.o
 .text.I2C_Flush_TXDR
                0x0000000008001984       0x48 ./Drivers/STM32F3xx_HAL_Driver/Src/stm32f3xx_hal_i2c.o
 .text.I2C_WaitOnFlagUntilTimeout
                0x00000000080019cc       0x9e ./Drivers/STM32F3xx_HAL_Driver/Src/stm32f3xx_hal_i2c.o
 .text.I2C_WaitOnTXISFlagUntilTimeout
                0x0000000008001a6a       0x8e ./Drivers/STM32F3xx_HAL_Driver/Src/stm32f3xx_hal_i2c.o
 .text.I2C_WaitOnSTOPFlagUntilTimeout
                0x0000000008001af8       0x86 ./Drivers/STM32F3xx_HAL_Driver/Src/stm32f3xx_hal_i2c.o
 *fill*         0x0000000008001b7e        0x2 
 .text.I2C_IsErrorOccurred
                0x0000000008001b80      0x1c0 ./Drivers/STM32F3xx_HAL_Driver/Src/stm32f3xx_hal_i2c.o
 .text.I2C_TransferConfig
                0x0000000008001d40       0x64 ./Drivers/STM32F3xx_HAL_Driver/Src/stm32f3xx_hal_i2c.o
 .text.HAL_I2CEx_ConfigAnalogFilter
                0x0000000008001da4       0x96 ./Drivers/STM32F3xx_HAL_Driver/Src/stm32f3xx_hal_i2c_ex.o
                0x0000000008001da4                HAL_I2CEx_ConfigAnalogFilter
 .text.HAL_I2CEx_ConfigDigitalFilter
                0x0000000008001e3a       0x98 ./Drivers/STM32F3xx_HAL_Driver/Src/stm32f3xx_hal_i2c_ex.o
                0x0000000008001e3a                HAL_I2CEx_ConfigDigitalFilter
 .text.HAL_PCD_Init
                0x0000000008001ed2      0x1a4 ./Drivers/STM32F3xx_HAL_Driver/Src/stm32f3xx_hal_pcd.o
                0x0000000008001ed2                HAL_PCD_Init
 .text.HAL_PCD_Start
                0x0000000008002076       0x4c ./Drivers/STM32F3xx_HAL_Driver/Src/stm32f3xx_hal_pcd.o
                0x0000000008002076                HAL_PCD_Start
 .text.HAL_PCD_IRQHandler
                0x00000000080020c2      0x1a8 ./Drivers/STM32F3xx_HAL_Driver/Src/stm32f3xx_hal_pcd.o
                0x00000000080020c2                HAL_PCD_IRQHandler
 .text.HAL_PCD_SetAddress
                0x000000000800226a       0x4a ./Drivers/STM32F3xx_HAL_Driver/Src/stm32f3xx_hal_pcd.o
                0x000000000800226a                HAL_PCD_SetAddress
 .text.HAL_PCD_EP_Open
                0x00000000080022b4       0xba ./Drivers/STM32F3xx_HAL_Driver/Src/stm32f3xx_hal_pcd.o
                0x00000000080022b4                HAL_PCD_EP_Open
 .text.HAL_PCD_EP_Close
                0x000000000800236e       0x90 ./Drivers/STM32F3xx_HAL_Driver/Src/stm32f3xx_hal_pcd.o
                0x000000000800236e                HAL_PCD_EP_Close
 .text.HAL_PCD_EP_Receive
                0x00000000080023fe       0x62 ./Drivers/STM32F3xx_HAL_Driver/Src/stm32f3xx_hal_pcd.o
                0x00000000080023fe                HAL_PCD_EP_Receive
 .text.HAL_PCD_EP_GetRxCount
                0x0000000008002460       0x30 ./Drivers/STM32F3xx_HAL_Driver/Src/stm32f3xx_hal_pcd.o
                0x0000000008002460                HAL_PCD_EP_GetRxCount
 .text.HAL_PCD_EP_Transmit
                0x0000000008002490       0x6e ./Drivers/STM32F3xx_HAL_Driver/Src/stm32f3xx_hal_pcd.o
                0x0000000008002490                HAL_PCD_EP_Transmit
 .text.HAL_PCD_EP_SetStall
                0x00000000080024fe       0xa4 ./Drivers/STM32F3xx_HAL_Driver/Src/stm32f3xx_hal_pcd.o
                0x00000000080024fe                HAL_PCD_EP_SetStall
 .text.HAL_PCD_EP_ClrStall
                0x00000000080025a2       0xa8 ./Drivers/STM32F3xx_HAL_Driver/Src/stm32f3xx_hal_pcd.o
                0x00000000080025a2                HAL_PCD_EP_ClrStall
 .text.PCD_EP_ISR_Handler
                0x000000000800264a      0x7a6 ./Drivers/STM32F3xx_HAL_Driver/Src/stm32f3xx_hal_pcd.o
 .text.HAL_PCD_EP_DB_Receive
                0x0000000008002df0      0x21a ./Drivers/STM32F3xx_HAL_Driver/Src/stm32f3xx_hal_pcd.o
 .text.HAL_PCD_EP_DB_Transmit
                0x000000000800300a      0x7f4 ./Drivers/STM32F3xx_HAL_Driver/Src/stm32f3xx_hal_pcd.o
 .text.HAL_PCDEx_PMAConfig
                0x00000000080037fe       0x86 ./Drivers/STM32F3xx_HAL_Driver/Src/stm32f3xx_hal_pcd_ex.o
                0x00000000080037fe                HAL_PCDEx_PMAConfig
 .text.HAL_RCC_OscConfig
                0x0000000008003884     0x107c ./Drivers/STM32F3xx_HAL_Driver/Src/stm32f3xx_hal_rcc.o
                0x0000000008003884                HAL_RCC_OscConfig
 .text.HAL_RCC_ClockConfig
                0x0000000008004900      0x2f8 ./Drivers/STM32F3xx_HAL_Driver/Src/stm32f3xx_hal_rcc.o
                0x0000000008004900                HAL_RCC_ClockConfig
 .text.HAL_RCC_GetSysClockFreq
                0x0000000008004bf8       0xd8 ./Drivers/STM32F3xx_HAL_Driver/Src/stm32f3xx_hal_rcc.o
                0x0000000008004bf8                HAL_RCC_GetSysClockFreq
 .text.HAL_RCCEx_PeriphCLKConfig
                0x0000000008004cd0      0x360 ./Drivers/STM32F3xx_HAL_Driver/Src/stm32f3xx_hal_rcc_ex.o
                0x0000000008004cd0                HAL_RCCEx_PeriphCLKConfig
 .text.USB_EnableGlobalInt
                0x0000000008005030       0x2e ./Drivers/STM32F3xx_HAL_Driver/Src/stm32f3xx_ll_usb.o
                0x0000000008005030                USB_EnableGlobalInt
 .text.USB_DisableGlobalInt
                0x000000000800505e       0x36 ./Drivers/STM32F3xx_HAL_Driver/Src/stm32f3xx_ll_usb.o
                0x000000000800505e                USB_DisableGlobalInt
 .text.USB_DevInit
                0x0000000008005094       0x42 ./Drivers/STM32F3xx_HAL_Driver/Src/stm32f3xx_ll_usb.o
                0x0000000008005094                USB_DevInit
 *fill*         0x00000000080050d6        0x2 
 .text.USB_ActivateEndpoint
                0x00000000080050d8      0x788 ./Drivers/STM32F3xx_HAL_Driver/Src/stm32f3xx_ll_usb.o
                0x00000000080050d8                USB_ActivateEndpoint
 .text.USB_DeactivateEndpoint
                0x0000000008005860      0x3da ./Drivers/STM32F3xx_HAL_Driver/Src/stm32f3xx_ll_usb.o
                0x0000000008005860                USB_DeactivateEndpoint
 .text.USB_EPStartXfer
                0x0000000008005c3a     0x1762 ./Drivers/STM32F3xx_HAL_Driver/Src/stm32f3xx_ll_usb.o
                0x0000000008005c3a                USB_EPStartXfer
 .text.USB_EPSetStall
                0x000000000800739c       0xa2 ./Drivers/STM32F3xx_HAL_Driver/Src/stm32f3xx_ll_usb.o
                0x000000000800739c                USB_EPSetStall
 .text.USB_EPClearStall
                0x000000000800743e      0x15c ./Drivers/STM32F3xx_HAL_Driver/Src/stm32f3xx_ll_usb.o
                0x000000000800743e                USB_EPClearStall
 .text.USB_SetDevAddress
                0x000000000800759a       0x28 ./Drivers/STM32F3xx_HAL_Driver/Src/stm32f3xx_ll_usb.o
                0x000000000800759a                USB_SetDevAddress
 .text.USB_DevConnect
                0x00000000080075c2       0x16 ./Drivers/STM32F3xx_HAL_Driver/Src/stm32f3xx_ll_usb.o
                0x00000000080075c2                USB_DevConnect
 .text.USB_ReadInterrupts
                0x00000000080075d8       0x20 ./Drivers/STM32F3xx_HAL_Driver/Src/stm32f3xx_ll_usb.o
                0x00000000080075d8                USB_ReadInterrupts
 .text.USB_WritePMA
                0x00000000080075f8       0x8c ./Drivers/STM32F3xx_HAL_Driver/Src/stm32f3xx_ll_usb.o
                0x00000000080075f8                USB_WritePMA
 .text.USB_ReadPMA
                0x0000000008007684       0xa0 ./Drivers/STM32F3xx_HAL_Driver/Src/stm32f3xx_ll_usb.o
                0x0000000008007684                USB_ReadPMA
 .text.USBD_CDC_Init
                0x0000000008007724       0xf4 ./Middlewares/ST/STM32_USB_Device_Library/Class/CDC/Src/usbd_cdc.o
 .text.USBD_CDC_DeInit
                0x0000000008007818       0x6e ./Middlewares/ST/STM32_USB_Device_Library/Class/CDC/Src/usbd_cdc.o
 .text.USBD_CDC_Setup
                0x0000000008007886      0x146 ./Middlewares/ST/STM32_USB_Device_Library/Class/CDC/Src/usbd_cdc.o
 .text.USBD_CDC_DataIn
                0x00000000080079cc       0xa6 ./Middlewares/ST/STM32_USB_Device_Library/Class/CDC/Src/usbd_cdc.o
 .text.USBD_CDC_DataOut
                0x0000000008007a72       0x56 ./Middlewares/ST/STM32_USB_Device_Library/Class/CDC/Src/usbd_cdc.o
 .text.USBD_CDC_EP0_RxReady
                0x0000000008007ac8       0x50 ./Middlewares/ST/STM32_USB_Device_Library/Class/CDC/Src/usbd_cdc.o
 .text.USBD_CDC_GetFSCfgDesc
                0x0000000008007b18       0x20 ./Middlewares/ST/STM32_USB_Device_Library/Class/CDC/Src/usbd_cdc.o
 .text.USBD_CDC_GetHSCfgDesc
                0x0000000008007b38       0x20 ./Middlewares/ST/STM32_USB_Device_Library/Class/CDC/Src/usbd_cdc.o
 .text.USBD_CDC_GetOtherSpeedCfgDesc
                0x0000000008007b58       0x20 ./Middlewares/ST/STM32_USB_Device_Library/Class/CDC/Src/usbd_cdc.o
 .text.USBD_CDC_GetDeviceQualifierDescriptor
                0x0000000008007b78       0x20 ./Middlewares/ST/STM32_USB_Device_Library/Class/CDC/Src/usbd_cdc.o
                0x0000000008007b78                USBD_CDC_GetDeviceQualifierDescriptor
 .text.USBD_CDC_RegisterInterface
                0x0000000008007b98       0x2e ./Middlewares/ST/STM32_USB_Device_Library/Class/CDC/Src/usbd_cdc.o
                0x0000000008007b98                USBD_CDC_RegisterInterface
 .text.USBD_CDC_SetTxBuffer
                0x0000000008007bc6       0x34 ./Middlewares/ST/STM32_USB_Device_Library/Class/CDC/Src/usbd_cdc.o
                0x0000000008007bc6                USBD_CDC_SetTxBuffer
 .text.USBD_CDC_SetRxBuffer
                0x0000000008007bfa       0x28 ./Middlewares/ST/STM32_USB_Device_Library/Class/CDC/Src/usbd_cdc.o
                0x0000000008007bfa                USBD_CDC_SetRxBuffer
 .text.USBD_CDC_TransmitPacket
                0x0000000008007c22       0x5e ./Middlewares/ST/STM32_USB_Device_Library/Class/CDC/Src/usbd_cdc.o
                0x0000000008007c22                USBD_CDC_TransmitPacket
 .text.USBD_CDC_ReceivePacket
                0x0000000008007c80       0x54 ./Middlewares/ST/STM32_USB_Device_Library/Class/CDC/Src/usbd_cdc.o
                0x0000000008007c80                USBD_CDC_ReceivePacket
 .text.USBD_Init
                0x0000000008007cd4       0x56 ./Middlewares/ST/STM32_USB_Device_Library/Core/Src/usbd_core.o
                0x0000000008007cd4                USBD_Init
 .text.USBD_RegisterClass
                0x0000000008007d2a       0x34 ./Middlewares/ST/STM32_USB_Device_Library/Core/Src/usbd_core.o
                0x0000000008007d2a                USBD_RegisterClass
 .text.USBD_Start
                0x0000000008007d5e       0x18 ./Middlewares/ST/STM32_USB_Device_Library/Core/Src/usbd_core.o
                0x0000000008007d5e                USBD_Start
 .text.USBD_RunTestMode
                0x0000000008007d76       0x16 ./Middlewares/ST/STM32_USB_Device_Library/Core/Src/usbd_core.o
                0x0000000008007d76                USBD_RunTestMode
 .text.USBD_SetClassConfig
                0x0000000008007d8c       0x3e ./Middlewares/ST/STM32_USB_Device_Library/Core/Src/usbd_core.o
                0x0000000008007d8c                USBD_SetClassConfig
 .text.USBD_ClrClassConfig
                0x0000000008007dca       0x26 ./Middlewares/ST/STM32_USB_Device_Library/Core/Src/usbd_core.o
                0x0000000008007dca                USBD_ClrClassConfig
 .text.USBD_LL_SetupStage
                0x0000000008007df0       0x9a ./Middlewares/ST/STM32_USB_Device_Library/Core/Src/usbd_core.o
                0x0000000008007df0                USBD_LL_SetupStage
 .text.USBD_LL_DataOutStage
                0x0000000008007e8a       0xe2 ./Middlewares/ST/STM32_USB_Device_Library/Core/Src/usbd_core.o
                0x0000000008007e8a                USBD_LL_DataOutStage
 .text.USBD_LL_DataInStage
                0x0000000008007f6c      0x14a ./Middlewares/ST/STM32_USB_Device_Library/Core/Src/usbd_core.o
                0x0000000008007f6c                USBD_LL_DataInStage
 .text.USBD_LL_Reset
                0x00000000080080b6       0x82 ./Middlewares/ST/STM32_USB_Device_Library/Core/Src/usbd_core.o
                0x00000000080080b6                USBD_LL_Reset
 .text.USBD_LL_SetSpeed
                0x0000000008008138       0x20 ./Middlewares/ST/STM32_USB_Device_Library/Core/Src/usbd_core.o
                0x0000000008008138                USBD_LL_SetSpeed
 .text.USBD_LL_Suspend
                0x0000000008008158       0x2a ./Middlewares/ST/STM32_USB_Device_Library/Core/Src/usbd_core.o
                0x0000000008008158                USBD_LL_Suspend
 .text.USBD_LL_Resume
                0x0000000008008182       0x2c ./Middlewares/ST/STM32_USB_Device_Library/Core/Src/usbd_core.o
                0x0000000008008182                USBD_LL_Resume
 .text.USBD_LL_SOF
                0x00000000080081ae       0x34 ./Middlewares/ST/STM32_USB_Device_Library/Core/Src/usbd_core.o
                0x00000000080081ae                USBD_LL_SOF
 *fill*         0x00000000080081e2        0x2 
 .text.USBD_StdDevReq
                0x00000000080081e4       0xd4 ./Middlewares/ST/STM32_USB_Device_Library/Core/Src/usbd_ctlreq.o
                0x00000000080081e4                USBD_StdDevReq
 .text.USBD_StdItfReq
                0x00000000080082b8       0x90 ./Middlewares/ST/STM32_USB_Device_Library/Core/Src/usbd_ctlreq.o
                0x00000000080082b8                USBD_StdItfReq
 .text.USBD_StdEPReq
                0x0000000008008348      0x2c6 ./Middlewares/ST/STM32_USB_Device_Library/Core/Src/usbd_ctlreq.o
                0x0000000008008348                USBD_StdEPReq
 *fill*         0x000000000800860e        0x2 
 .text.USBD_GetDescriptor
                0x0000000008008610      0x2d0 ./Middlewares/ST/STM32_USB_Device_Library/Core/Src/usbd_ctlreq.o
 .text.USBD_SetAddress
                0x00000000080088e0       0x86 ./Middlewares/ST/STM32_USB_Device_Library/Core/Src/usbd_ctlreq.o
 *fill*         0x0000000008008966        0x2 
 .text.USBD_SetConfig
                0x0000000008008968      0x11c ./Middlewares/ST/STM32_USB_Device_Library/Core/Src/usbd_ctlreq.o
 .text.USBD_GetConfig
                0x0000000008008a84       0x6a ./Middlewares/ST/STM32_USB_Device_Library/Core/Src/usbd_ctlreq.o
 .text.USBD_GetStatus
                0x0000000008008aee       0x66 ./Middlewares/ST/STM32_USB_Device_Library/Core/Src/usbd_ctlreq.o
 .text.USBD_SetFeature
                0x0000000008008b54       0x28 ./Middlewares/ST/STM32_USB_Device_Library/Core/Src/usbd_ctlreq.o
 .text.USBD_ClrFeature
                0x0000000008008b7c       0x42 ./Middlewares/ST/STM32_USB_Device_Library/Core/Src/usbd_ctlreq.o
 .text.USBD_ParseSetupRequest
                0x0000000008008bbe       0x7a ./Middlewares/ST/STM32_USB_Device_Library/Core/Src/usbd_ctlreq.o
                0x0000000008008bbe                USBD_ParseSetupRequest
 .text.USBD_CtlError
                0x0000000008008c38       0x22 ./Middlewares/ST/STM32_USB_Device_Library/Core/Src/usbd_ctlreq.o
                0x0000000008008c38                USBD_CtlError
 .text.USBD_GetString
                0x0000000008008c5a       0x84 ./Middlewares/ST/STM32_USB_Device_Library/Core/Src/usbd_ctlreq.o
                0x0000000008008c5a                USBD_GetString
 .text.USBD_GetLen
                0x0000000008008cde       0x30 ./Middlewares/ST/STM32_USB_Device_Library/Core/Src/usbd_ctlreq.o
 .text.USBD_CtlSendData
                0x0000000008008d0e       0x38 ./Middlewares/ST/STM32_USB_Device_Library/Core/Src/usbd_ioreq.o
                0x0000000008008d0e                USBD_CtlSendData
 .text.USBD_CtlContinueSendData
                0x0000000008008d46       0x24 ./Middlewares/ST/STM32_USB_Device_Library/Core/Src/usbd_ioreq.o
                0x0000000008008d46                USBD_CtlContinueSendData
 .text.USBD_CtlPrepareRx
                0x0000000008008d6a       0x3c ./Middlewares/ST/STM32_USB_Device_Library/Core/Src/usbd_ioreq.o
                0x0000000008008d6a                USBD_CtlPrepareRx
 .text.USBD_CtlContinueRx
                0x0000000008008da6       0x24 ./Middlewares/ST/STM32_USB_Device_Library/Core/Src/usbd_ioreq.o
                0x0000000008008da6                USBD_CtlContinueRx
 .text.USBD_CtlSendStatus
                0x0000000008008dca       0x26 ./Middlewares/ST/STM32_USB_Device_Library/Core/Src/usbd_ioreq.o
                0x0000000008008dca                USBD_CtlSendStatus
 .text.USBD_CtlReceiveStatus
                0x0000000008008df0       0x26 ./Middlewares/ST/STM32_USB_Device_Library/Core/Src/usbd_ioreq.o
                0x0000000008008df0                USBD_CtlReceiveStatus
 *fill*         0x0000000008008e16        0x2 
 .text.MX_USB_DEVICE_Init
                0x0000000008008e18       0x60 ./USB_DEVICE/App/usb_device.o
                0x0000000008008e18                MX_USB_DEVICE_Init
 .text.CDC_Init_FS
                0x0000000008008e78       0x28 ./USB_DEVICE/App/usbd_cdc_if.o
 .text.CDC_DeInit_FS
                0x0000000008008ea0       0x10 ./USB_DEVICE/App/usbd_cdc_if.o
 .text.CDC_Control_FS
                0x0000000008008eb0       0xbc ./USB_DEVICE/App/usbd_cdc_if.o
 .text.CDC_Receive_FS
                0x0000000008008f6c       0x28 ./USB_DEVICE/App/usbd_cdc_if.o
 .text.CDC_Transmit_FS
                0x0000000008008f94       0x4c ./USB_DEVICE/App/usbd_cdc_if.o
                0x0000000008008f94                CDC_Transmit_FS
 .text.USBD_FS_DeviceDescriptor
                0x0000000008008fe0       0x24 ./USB_DEVICE/App/usbd_desc.o
                0x0000000008008fe0                USBD_FS_DeviceDescriptor
 .text.USBD_FS_LangIDStrDescriptor
                0x0000000008009004       0x24 ./USB_DEVICE/App/usbd_desc.o
                0x0000000008009004                USBD_FS_LangIDStrDescriptor
 .text.USBD_FS_ProductStrDescriptor
                0x0000000008009028       0x3c ./USB_DEVICE/App/usbd_desc.o
                0x0000000008009028                USBD_FS_ProductStrDescriptor
 .text.USBD_FS_ManufacturerStrDescriptor
                0x0000000008009064       0x28 ./USB_DEVICE/App/usbd_desc.o
                0x0000000008009064                USBD_FS_ManufacturerStrDescriptor
 .text.USBD_FS_SerialStrDescriptor
                0x000000000800908c       0x24 ./USB_DEVICE/App/usbd_desc.o
                0x000000000800908c                USBD_FS_SerialStrDescriptor
 .text.USBD_FS_ConfigStrDescriptor
                0x00000000080090b0       0x3c ./USB_DEVICE/App/usbd_desc.o
                0x00000000080090b0                USBD_FS_ConfigStrDescriptor
 .text.USBD_FS_InterfaceStrDescriptor
                0x00000000080090ec       0x3c ./USB_DEVICE/App/usbd_desc.o
                0x00000000080090ec                USBD_FS_InterfaceStrDescriptor
 .text.Get_SerialNum
                0x0000000008009128       0x58 ./USB_DEVICE/App/usbd_desc.o
 .text.IntToUnicode
                0x0000000008009180       0x7e ./USB_DEVICE/App/usbd_desc.o
 *fill*         0x00000000080091fe        0x2 
 .text.HAL_PCD_MspInit
                0x0000000008009200       0x98 ./USB_DEVICE/Target/usbd_conf.o
                0x0000000008009200                HAL_PCD_MspInit
 .text.HAL_PCD_SetupStageCallback
                0x0000000008009298       0x24 ./USB_DEVICE/Target/usbd_conf.o
                0x0000000008009298                HAL_PCD_SetupStageCallback
 .text.HAL_PCD_DataOutStageCallback
                0x00000000080092bc       0x36 ./USB_DEVICE/Target/usbd_conf.o
                0x00000000080092bc                HAL_PCD_DataOutStageCallback
 .text.HAL_PCD_DataInStageCallback
                0x00000000080092f2       0x34 ./USB_DEVICE/Target/usbd_conf.o
                0x00000000080092f2                HAL_PCD_DataInStageCallback
 .text.HAL_PCD_SOFCallback
                0x0000000008009326       0x1c ./USB_DEVICE/Target/usbd_conf.o
                0x0000000008009326                HAL_PCD_SOFCallback
 .text.HAL_PCD_ResetCallback
                0x0000000008009342       0x3c ./USB_DEVICE/Target/usbd_conf.o
                0x0000000008009342                HAL_PCD_ResetCallback
 *fill*         0x000000000800937e        0x2 
 .text.HAL_PCD_SuspendCallback
                0x0000000008009380       0x34 ./USB_DEVICE/Target/usbd_conf.o
                0x0000000008009380                HAL_PCD_SuspendCallback
 .text.HAL_PCD_ResumeCallback
                0x00000000080093b4       0x1c ./USB_DEVICE/Target/usbd_conf.o
                0x00000000080093b4                HAL_PCD_ResumeCallback
 .text.USBD_LL_Init
                0x00000000080093d0       0xb4 ./USB_DEVICE/Target/usbd_conf.o
                0x00000000080093d0                USBD_LL_Init
 .text.USBD_LL_Start
                0x0000000008009484       0x36 ./USB_DEVICE/Target/usbd_conf.o
                0x0000000008009484                USBD_LL_Start
 .text.USBD_LL_OpenEP
                0x00000000080094ba       0x4c ./USB_DEVICE/Target/usbd_conf.o
                0x00000000080094ba                USBD_LL_OpenEP
 .text.USBD_LL_CloseEP
                0x0000000008009506       0x3e ./USB_DEVICE/Target/usbd_conf.o
                0x0000000008009506                USBD_LL_CloseEP
 .text.USBD_LL_StallEP
                0x0000000008009544       0x3e ./USB_DEVICE/Target/usbd_conf.o
                0x0000000008009544                USBD_LL_StallEP
 .text.USBD_LL_ClearStallEP
                0x0000000008009582       0x3e ./USB_DEVICE/Target/usbd_conf.o
                0x0000000008009582                USBD_LL_ClearStallEP
 .text.USBD_LL_IsStallEP
                0x00000000080095c0       0x5a ./USB_DEVICE/Target/usbd_conf.o
                0x00000000080095c0                USBD_LL_IsStallEP
 .text.USBD_LL_SetUSBAddress
                0x000000000800961a       0x3e ./USB_DEVICE/Target/usbd_conf.o
                0x000000000800961a                USBD_LL_SetUSBAddress
 .text.USBD_LL_Transmit
                0x0000000008009658       0x46 ./USB_DEVICE/Target/usbd_conf.o
                0x0000000008009658                USBD_LL_Transmit
 .text.USBD_LL_PrepareReceive
                0x000000000800969e       0x46 ./USB_DEVICE/Target/usbd_conf.o
                0x000000000800969e                USBD_LL_PrepareReceive
 .text.USBD_LL_GetRxDataSize
                0x00000000080096e4       0x26 ./USB_DEVICE/Target/usbd_conf.o
                0x00000000080096e4                USBD_LL_GetRxDataSize
 *fill*         0x000000000800970a        0x2 
 .text.USBD_static_malloc
                0x000000000800970c       0x1c ./USB_DEVICE/Target/usbd_conf.o
                0x000000000800970c                USBD_static_malloc
 .text.USBD_static_free
                0x0000000008009728       0x14 ./USB_DEVICE/Target/usbd_conf.o
                0x0000000008009728                USBD_static_free
 .text.HAL_PCDEx_SetConnectionState
                0x000000000800973c       0x18 ./USB_DEVICE/Target/usbd_conf.o
                0x000000000800973c                HAL_PCDEx_SetConnectionState
 .text.USBD_Get_USB_Status
                0x0000000008009754       0x58 ./USB_DEVICE/Target/usbd_conf.o
 .text.__errno  0x00000000080097ac        0xc /opt/st/stm32cubeide_1.12.1/plugins/com.st.stm32cube.ide.mcu.externaltools.gnu-tools-for-stm32.10.3-2021.10.linux64_1.0.200.202301161003/tools/bin/../lib/gcc/arm-none-eabi/10.3.1/../../../../arm-none-eabi/lib/thumb/v7e-m+fp/hard/libc_nano.a(lib_a-errno.o)
                0x00000000080097ac                __errno
 .text.__libc_init_array
                0x00000000080097b8       0x48 /opt/st/stm32cubeide_1.12.1/plugins/com.st.stm32cube.ide.mcu.externaltools.gnu-tools-for-stm32.10.3-2021.10.linux64_1.0.200.202301161003/tools/bin/../lib/gcc/arm-none-eabi/10.3.1/../../../../arm-none-eabi/lib/thumb/v7e-m+fp/hard/libc_nano.a(lib_a-init.o)
                0x00000000080097b8                __libc_init_array
 .text.memset   0x0000000008009800       0x10 /opt/st/stm32cubeide_1.12.1/plugins/com.st.stm32cube.ide.mcu.externaltools.gnu-tools-for-stm32.10.3-2021.10.linux64_1.0.200.202301161003/tools/bin/../lib/gcc/arm-none-eabi/10.3.1/../../../../arm-none-eabi/lib/thumb/v7e-m+fp/hard/libc_nano.a(lib_a-memset.o)
                0x0000000008009800                memset
 .text.printf   0x0000000008009810       0x30 /opt/st/stm32cubeide_1.12.1/plugins/com.st.stm32cube.ide.mcu.externaltools.gnu-tools-for-stm32.10.3-2021.10.linux64_1.0.200.202301161003/tools/bin/../lib/gcc/arm-none-eabi/10.3.1/../../../../arm-none-eabi/lib/thumb/v7e-m+fp/hard/libc_nano.a(lib_a-printf.o)
                0x0000000008009810                printf
                0x0000000008009810                iprintf
 .text.std      0x0000000008009840       0x48 /opt/st/stm32cubeide_1.12.1/plugins/com.st.stm32cube.ide.mcu.externaltools.gnu-tools-for-stm32.10.3-2021.10.linux64_1.0.200.202301161003/tools/bin/../lib/gcc/arm-none-eabi/10.3.1/../../../../arm-none-eabi/lib/thumb/v7e-m+fp/hard/libc_nano.a(lib_a-findfp.o)
 .text._cleanup_r
                0x0000000008009888        0xc /opt/st/stm32cubeide_1.12.1/plugins/com.st.stm32cube.ide.mcu.externaltools.gnu-tools-for-stm32.10.3-2021.10.linux64_1.0.200.202301161003/tools/bin/../lib/gcc/arm-none-eabi/10.3.1/../../../../arm-none-eabi/lib/thumb/v7e-m+fp/hard/libc_nano.a(lib_a-findfp.o)
                0x0000000008009888                _cleanup_r
 .text.__sfmoreglue
                0x0000000008009894       0x2c /opt/st/stm32cubeide_1.12.1/plugins/com.st.stm32cube.ide.mcu.externaltools.gnu-tools-for-stm32.10.3-2021.10.linux64_1.0.200.202301161003/tools/bin/../lib/gcc/arm-none-eabi/10.3.1/../../../../arm-none-eabi/lib/thumb/v7e-m+fp/hard/libc_nano.a(lib_a-findfp.o)
                0x0000000008009894                __sfmoreglue
 .text.__sfp_lock_acquire
                0x00000000080098c0        0xc /opt/st/stm32cubeide_1.12.1/plugins/com.st.stm32cube.ide.mcu.externaltools.gnu-tools-for-stm32.10.3-2021.10.linux64_1.0.200.202301161003/tools/bin/../lib/gcc/arm-none-eabi/10.3.1/../../../../arm-none-eabi/lib/thumb/v7e-m+fp/hard/libc_nano.a(lib_a-findfp.o)
                0x00000000080098c0                __sfp_lock_acquire
 .text.__sfp_lock_release
                0x00000000080098cc        0xc /opt/st/stm32cubeide_1.12.1/plugins/com.st.stm32cube.ide.mcu.externaltools.gnu-tools-for-stm32.10.3-2021.10.linux64_1.0.200.202301161003/tools/bin/../lib/gcc/arm-none-eabi/10.3.1/../../../../arm-none-eabi/lib/thumb/v7e-m+fp/hard/libc_nano.a(lib_a-findfp.o)
                0x00000000080098cc                __sfp_lock_release
 .text.__sinit_lock_acquire
                0x00000000080098d8        0xc /opt/st/stm32cubeide_1.12.1/plugins/com.st.stm32cube.ide.mcu.externaltools.gnu-tools-for-stm32.10.3-2021.10.linux64_1.0.200.202301161003/tools/bin/../lib/gcc/arm-none-eabi/10.3.1/../../../../arm-none-eabi/lib/thumb/v7e-m+fp/hard/libc_nano.a(lib_a-findfp.o)
                0x00000000080098d8                __sinit_lock_acquire
 .text.__sinit_lock_release
                0x00000000080098e4        0xc /opt/st/stm32cubeide_1.12.1/plugins/com.st.stm32cube.ide.mcu.externaltools.gnu-tools-for-stm32.10.3-2021.10.linux64_1.0.200.202301161003/tools/bin/../lib/gcc/arm-none-eabi/10.3.1/../../../../arm-none-eabi/lib/thumb/v7e-m+fp/hard/libc_nano.a(lib_a-findfp.o)
                0x00000000080098e4                __sinit_lock_release
 .text.__sinit  0x00000000080098f0       0x70 /opt/st/stm32cubeide_1.12.1/plugins/com.st.stm32cube.ide.mcu.externaltools.gnu-tools-for-stm32.10.3-2021.10.linux64_1.0.200.202301161003/tools/bin/../lib/gcc/arm-none-eabi/10.3.1/../../../../arm-none-eabi/lib/thumb/v7e-m+fp/hard/libc_nano.a(lib_a-findfp.o)
                0x00000000080098f0                __sinit
 .text.__sfp    0x0000000008009960       0x8c /opt/st/stm32cubeide_1.12.1/plugins/com.st.stm32cube.ide.mcu.externaltools.gnu-tools-for-stm32.10.3-2021.10.linux64_1.0.200.202301161003/tools/bin/../lib/gcc/arm-none-eabi/10.3.1/../../../../arm-none-eabi/lib/thumb/v7e-m+fp/hard/libc_nano.a(lib_a-findfp.o)
                0x0000000008009960                __sfp
 .text._fwalk_reent
                0x00000000080099ec       0x3e /opt/st/stm32cubeide_1.12.1/plugins/com.st.stm32cube.ide.mcu.externaltools.gnu-tools-for-stm32.10.3-2021.10.linux64_1.0.200.202301161003/tools/bin/../lib/gcc/arm-none-eabi/10.3.1/../../../../arm-none-eabi/lib/thumb/v7e-m+fp/hard/libc_nano.a(lib_a-fwalk.o)
                0x00000000080099ec                _fwalk_reent
 .text.__retarget_lock_init_recursive
                0x0000000008009a2a        0x2 /opt/st/stm32cubeide_1.12.1/plugins/com.st.stm32cube.ide.mcu.externaltools.gnu-tools-for-stm32.10.3-2021.10.linux64_1.0.200.202301161003/tools/bin/../lib/gcc/arm-none-eabi/10.3.1/../../../../arm-none-eabi/lib/thumb/v7e-m+fp/hard/libc_nano.a(lib_a-lock.o)
                0x0000000008009a2a                __retarget_lock_init_recursive
 .text.__retarget_lock_acquire_recursive
                0x0000000008009a2c        0x2 /opt/st/stm32cubeide_1.12.1/plugins/com.st.stm32cube.ide.mcu.externaltools.gnu-tools-for-stm32.10.3-2021.10.linux64_1.0.200.202301161003/tools/bin/../lib/gcc/arm-none-eabi/10.3.1/../../../../arm-none-eabi/lib/thumb/v7e-m+fp/hard/libc_nano.a(lib_a-lock.o)
                0x0000000008009a2c                __retarget_lock_acquire_recursive
 .text.__retarget_lock_release_recursive
                0x0000000008009a2e        0x2 /opt/st/stm32cubeide_1.12.1/plugins/com.st.stm32cube.ide.mcu.externaltools.gnu-tools-for-stm32.10.3-2021.10.linux64_1.0.200.202301161003/tools/bin/../lib/gcc/arm-none-eabi/10.3.1/../../../../arm-none-eabi/lib/thumb/v7e-m+fp/hard/libc_nano.a(lib_a-lock.o)
                0x0000000008009a2e                __retarget_lock_release_recursive
 .text.sbrk_aligned
                0x0000000008009a30       0x40 /opt/st/stm32cubeide_1.12.1/plugins/com.st.stm32cube.ide.mcu.externaltools.gnu-tools-for-stm32.10.3-2021.10.linux64_1.0.200.202301161003/tools/bin/../lib/gcc/arm-none-eabi/10.3.1/../../../../arm-none-eabi/lib/thumb/v7e-m+fp/hard/libc_nano.a(lib_a-nano-mallocr.o)
 .text._malloc_r
                0x0000000008009a70       0xe8 /opt/st/stm32cubeide_1.12.1/plugins/com.st.stm32cube.ide.mcu.externaltools.gnu-tools-for-stm32.10.3-2021.10.linux64_1.0.200.202301161003/tools/bin/../lib/gcc/arm-none-eabi/10.3.1/../../../../arm-none-eabi/lib/thumb/v7e-m+fp/hard/libc_nano.a(lib_a-nano-mallocr.o)
                0x0000000008009a70                _malloc_r
 .text.__sfputc_r
                0x0000000008009b58       0x2e /opt/st/stm32cubeide_1.12.1/plugins/com.st.stm32cube.ide.mcu.externaltools.gnu-tools-for-stm32.10.3-2021.10.linux64_1.0.200.202301161003/tools/bin/../lib/gcc/arm-none-eabi/10.3.1/../../../../arm-none-eabi/lib/thumb/v7e-m+fp/hard/libc_nano.a(lib_a-nano-vfprintf.o)
 .text.__sfputs_r
                0x0000000008009b86       0x24 /opt/st/stm32cubeide_1.12.1/plugins/com.st.stm32cube.ide.mcu.externaltools.gnu-tools-for-stm32.10.3-2021.10.linux64_1.0.200.202301161003/tools/bin/../lib/gcc/arm-none-eabi/10.3.1/../../../../arm-none-eabi/lib/thumb/v7e-m+fp/hard/libc_nano.a(lib_a-nano-vfprintf.o)
                0x0000000008009b86                __sfputs_r
 *fill*         0x0000000008009baa        0x2 
 .text._vfprintf_r
                0x0000000008009bac      0x260 /opt/st/stm32cubeide_1.12.1/plugins/com.st.stm32cube.ide.mcu.externaltools.gnu-tools-for-stm32.10.3-2021.10.linux64_1.0.200.202301161003/tools/bin/../lib/gcc/arm-none-eabi/10.3.1/../../../../arm-none-eabi/lib/thumb/v7e-m+fp/hard/libc_nano.a(lib_a-nano-vfprintf.o)
                0x0000000008009bac                _vfiprintf_r
                0x0000000008009bac                _vfprintf_r
 .text._printf_common
                0x0000000008009e0c       0xda /opt/st/stm32cubeide_1.12.1/plugins/com.st.stm32cube.ide.mcu.externaltools.gnu-tools-for-stm32.10.3-2021.10.linux64_1.0.200.202301161003/tools/bin/../lib/gcc/arm-none-eabi/10.3.1/../../../../arm-none-eabi/lib/thumb/v7e-m+fp/hard/libc_nano.a(lib_a-nano-vfprintf_i.o)
                0x0000000008009e0c                _printf_common
 *fill*         0x0000000008009ee6        0x2 
 .text._printf_i
                0x0000000008009ee8      0x24c /opt/st/stm32cubeide_1.12.1/plugins/com.st.stm32cube.ide.mcu.externaltools.gnu-tools-for-stm32.10.3-2021.10.linux64_1.0.200.202301161003/tools/bin/../lib/gcc/arm-none-eabi/10.3.1/../../../../arm-none-eabi/lib/thumb/v7e-m+fp/hard/libc_nano.a(lib_a-nano-vfprintf_i.o)
                0x0000000008009ee8                _printf_i
 .text._sbrk_r  0x000000000800a134       0x20 /opt/st/stm32cubeide_1.12.1/plugins/com.st.stm32cube.ide.mcu.externaltools.gnu-tools-for-stm32.10.3-2021.10.linux64_1.0.200.202301161003/tools/bin/../lib/gcc/arm-none-eabi/10.3.1/../../../../arm-none-eabi/lib/thumb/v7e-m+fp/hard/libc_nano.a(lib_a-sbrkr.o)
                0x000000000800a134                _sbrk_r
 .text.__sread  0x000000000800a154       0x22 /opt/st/stm32cubeide_1.12.1/plugins/com.st.stm32cube.ide.mcu.externaltools.gnu-tools-for-stm32.10.3-2021.10.linux64_1.0.200.202301161003/tools/bin/../lib/gcc/arm-none-eabi/10.3.1/../../../../arm-none-eabi/lib/thumb/v7e-m+fp/hard/libc_nano.a(lib_a-stdio.o)
                0x000000000800a154                __sread
 .text.__swrite
                0x000000000800a176       0x38 /opt/st/stm32cubeide_1.12.1/plugins/com.st.stm32cube.ide.mcu.externaltools.gnu-tools-for-stm32.10.3-2021.10.linux64_1.0.200.202301161003/tools/bin/../lib/gcc/arm-none-eabi/10.3.1/../../../../arm-none-eabi/lib/thumb/v7e-m+fp/hard/libc_nano.a(lib_a-stdio.o)
                0x000000000800a176                __swrite
 .text.__sseek  0x000000000800a1ae       0x24 /opt/st/stm32cubeide_1.12.1/plugins/com.st.stm32cube.ide.mcu.externaltools.gnu-tools-for-stm32.10.3-2021.10.linux64_1.0.200.202301161003/tools/bin/../lib/gcc/arm-none-eabi/10.3.1/../../../../arm-none-eabi/lib/thumb/v7e-m+fp/hard/libc_nano.a(lib_a-stdio.o)
                0x000000000800a1ae                __sseek
 .text.__sclose
                0x000000000800a1d2        0x8 /opt/st/stm32cubeide_1.12.1/plugins/com.st.stm32cube.ide.mcu.externaltools.gnu-tools-for-stm32.10.3-2021.10.linux64_1.0.200.202301161003/tools/bin/../lib/gcc/arm-none-eabi/10.3.1/../../../../arm-none-eabi/lib/thumb/v7e-m+fp/hard/libc_nano.a(lib_a-stdio.o)
                0x000000000800a1d2                __sclose
 *fill*         0x000000000800a1da        0x2 
 .text.__swbuf_r
                0x000000000800a1dc       0xa4 /opt/st/stm32cubeide_1.12.1/plugins/com.st.stm32cube.ide.mcu.externaltools.gnu-tools-for-stm32.10.3-2021.10.linux64_1.0.200.202301161003/tools/bin/../lib/gcc/arm-none-eabi/10.3.1/../../../../arm-none-eabi/lib/thumb/v7e-m+fp/hard/libc_nano.a(lib_a-wbuf.o)
                0x000000000800a1dc                __swbuf_r
 .text._write_r
                0x000000000800a280       0x24 /opt/st/stm32cubeide_1.12.1/plugins/com.st.stm32cube.ide.mcu.externaltools.gnu-tools-for-stm32.10.3-2021.10.linux64_1.0.200.202301161003/tools/bin/../lib/gcc/arm-none-eabi/10.3.1/../../../../arm-none-eabi/lib/thumb/v7e-m+fp/hard/libc_nano.a(lib_a-writer.o)
                0x000000000800a280                _write_r
 .text.__swsetup_r
                0x000000000800a2a4       0xdc /opt/st/stm32cubeide_1.12.1/plugins/com.st.stm32cube.ide.mcu.externaltools.gnu-tools-for-stm32.10.3-2021.10.linux64_1.0.200.202301161003/tools/bin/../lib/gcc/arm-none-eabi/10.3.1/../../../../arm-none-eabi/lib/thumb/v7e-m+fp/hard/libc_nano.a(lib_a-wsetup.o)
                0x000000000800a2a4                __swsetup_r
 .text._close_r
                0x000000000800a380       0x20 /opt/st/stm32cubeide_1.12.1/plugins/com.st.stm32cube.ide.mcu.externaltools.gnu-tools-for-stm32.10.3-2021.10.linux64_1.0.200.202301161003/tools/bin/../lib/gcc/arm-none-eabi/10.3.1/../../../../arm-none-eabi/lib/thumb/v7e-m+fp/hard/libc_nano.a(lib_a-closer.o)
                0x000000000800a380                _close_r
 .text.__sflush_r
                0x000000000800a3a0      0x10c /opt/st/stm32cubeide_1.12.1/plugins/com.st.stm32cube.ide.mcu.externaltools.gnu-tools-for-stm32.10.3-2021.10.linux64_1.0.200.202301161003/tools/bin/../lib/gcc/arm-none-eabi/10.3.1/../../../../arm-none-eabi/lib/thumb/v7e-m+fp/hard/libc_nano.a(lib_a-fflush.o)
                0x000000000800a3a0                __sflush_r
 .text._fflush_r
                0x000000000800a4ac       0x78 /opt/st/stm32cubeide_1.12.1/plugins/com.st.stm32cube.ide.mcu.externaltools.gnu-tools-for-stm32.10.3-2021.10.linux64_1.0.200.202301161003/tools/bin/../lib/gcc/arm-none-eabi/10.3.1/../../../../arm-none-eabi/lib/thumb/v7e-m+fp/hard/libc_nano.a(lib_a-fflush.o)
                0x000000000800a4ac                _fflush_r
 .text._lseek_r
                0x000000000800a524       0x24 /opt/st/stm32cubeide_1.12.1/plugins/com.st.stm32cube.ide.mcu.externaltools.gnu-tools-for-stm32.10.3-2021.10.linux64_1.0.200.202301161003/tools/bin/../lib/gcc/arm-none-eabi/10.3.1/../../../../arm-none-eabi/lib/thumb/v7e-m+fp/hard/libc_nano.a(lib_a-lseekr.o)
                0x000000000800a524                _lseek_r
 .text.__swhatbuf_r
                0x000000000800a548       0x4a /opt/st/stm32cubeide_1.12.1/plugins/com.st.stm32cube.ide.mcu.externaltools.gnu-tools-for-stm32.10.3-2021.10.linux64_1.0.200.202301161003/tools/bin/../lib/gcc/arm-none-eabi/10.3.1/../../../../arm-none-eabi/lib/thumb/v7e-m+fp/hard/libc_nano.a(lib_a-makebuf.o)
                0x000000000800a548                __swhatbuf_r
 *fill*         0x000000000800a592        0x2 
 .text.__smakebuf_r
                0x000000000800a594       0x80 /opt/st/stm32cubeide_1.12.1/plugins/com.st.stm32cube.ide.mcu.externaltools.gnu-tools-for-stm32.10.3-2021.10.linux64_1.0.200.202301161003/tools/bin/../lib/gcc/arm-none-eabi/10.3.1/../../../../arm-none-eabi/lib/thumb/v7e-m+fp/hard/libc_nano.a(lib_a-makebuf.o)
                0x000000000800a594                __smakebuf_r
 .text.__malloc_lock
                0x000000000800a614        0xc /opt/st/stm32cubeide_1.12.1/plugins/com.st.stm32cube.ide.mcu.externaltools.gnu-tools-for-stm32.10.3-2021.10.linux64_1.0.200.202301161003/tools/bin/../lib/gcc/arm-none-eabi/10.3.1/../../../../arm-none-eabi/lib/thumb/v7e-m+fp/hard/libc_nano.a(lib_a-mlock.o)
                0x000000000800a614                __malloc_lock
 .text.__malloc_unlock
                0x000000000800a620        0xc /opt/st/stm32cubeide_1.12.1/plugins/com.st.stm32cube.ide.mcu.externaltools.gnu-tools-for-stm32.10.3-2021.10.linux64_1.0.200.202301161003/tools/bin/../lib/gcc/arm-none-eabi/10.3.1/../../../../arm-none-eabi/lib/thumb/v7e-m+fp/hard/libc_nano.a(lib_a-mlock.o)
                0x000000000800a620                __malloc_unlock
 .text._free_r  0x000000000800a62c       0x98 /opt/st/stm32cubeide_1.12.1/plugins/com.st.stm32cube.ide.mcu.externaltools.gnu-tools-for-stm32.10.3-2021.10.linux64_1.0.200.202301161003/tools/bin/../lib/gcc/arm-none-eabi/10.3.1/../../../../arm-none-eabi/lib/thumb/v7e-m+fp/hard/libc_nano.a(lib_a-nano-freer.o)
                0x000000000800a62c                _free_r
 .text._read_r  0x000000000800a6c4       0x24 /opt/st/stm32cubeide_1.12.1/plugins/com.st.stm32cube.ide.mcu.externaltools.gnu-tools-for-stm32.10.3-2021.10.linux64_1.0.200.202301161003/tools/bin/../lib/gcc/arm-none-eabi/10.3.1/../../../../arm-none-eabi/lib/thumb/v7e-m+fp/hard/libc_nano.a(lib_a-readr.o)
                0x000000000800a6c4                _read_r
 .text._fstat_r
                0x000000000800a6e8       0x24 /opt/st/stm32cubeide_1.12.1/plugins/com.st.stm32cube.ide.mcu.externaltools.gnu-tools-for-stm32.10.3-2021.10.linux64_1.0.200.202301161003/tools/bin/../lib/gcc/arm-none-eabi/10.3.1/../../../../arm-none-eabi/lib/thumb/v7e-m+fp/hard/libc_nano.a(lib_a-fstatr.o)
                0x000000000800a6e8                _fstat_r
 .text._isatty_r
                0x000000000800a70c       0x20 /opt/st/stm32cubeide_1.12.1/plugins/com.st.stm32cube.ide.mcu.externaltools.gnu-tools-for-stm32.10.3-2021.10.linux64_1.0.200.202301161003/tools/bin/../lib/gcc/arm-none-eabi/10.3.1/../../../../arm-none-eabi/lib/thumb/v7e-m+fp/hard/libc_nano.a(lib_a-isattyr.o)
                0x000000000800a70c                _isatty_r
 *(.glue_7)
 .glue_7        0x000000000800a72c        0x0 linker stubs
 *(.glue_7t)
 .glue_7t       0x000000000800a72c        0x0 linker stubs
 *(.eh_frame)
 .eh_frame      0x000000000800a72c        0x0 /opt/st/stm32cubeide_1.12.1/plugins/com.st.stm32cube.ide.mcu.externaltools.gnu-tools-for-stm32.10.3-2021.10.linux64_1.0.200.202301161003/tools/bin/../lib/gcc/arm-none-eabi/10.3.1/thumb/v7e-m+fp/hard/crtbegin.o
 *(.init)
 .init          0x000000000800a72c        0x4 /opt/st/stm32cubeide_1.12.1/plugins/com.st.stm32cube.ide.mcu.externaltools.gnu-tools-for-stm32.10.3-2021.10.linux64_1.0.200.202301161003/tools/bin/../lib/gcc/arm-none-eabi/10.3.1/thumb/v7e-m+fp/hard/crti.o
                0x000000000800a72c                _init
 .init          0x000000000800a730        0x8 /opt/st/stm32cubeide_1.12.1/plugins/com.st.stm32cube.ide.mcu.externaltools.gnu-tools-for-stm32.10.3-2021.10.linux64_1.0.200.202301161003/tools/bin/../lib/gcc/arm-none-eabi/10.3.1/thumb/v7e-m+fp/hard/crtn.o
 *(.fini)
 .fini          0x000000000800a738        0x4 /opt/st/stm32cubeide_1.12.1/plugins/com.st.stm32cube.ide.mcu.externaltools.gnu-tools-for-stm32.10.3-2021.10.linux64_1.0.200.202301161003/tools/bin/../lib/gcc/arm-none-eabi/10.3.1/thumb/v7e-m+fp/hard/crti.o
                0x000000000800a738                _fini
 .fini          0x000000000800a73c        0x8 /opt/st/stm32cubeide_1.12.1/plugins/com.st.stm32cube.ide.mcu.externaltools.gnu-tools-for-stm32.10.3-2021.10.linux64_1.0.200.202301161003/tools/bin/../lib/gcc/arm-none-eabi/10.3.1/thumb/v7e-m+fp/hard/crtn.o
                0x000000000800a744                . = ALIGN (0x4)
                0x000000000800a744                _etext = .

.vfp11_veneer   0x000000000800a744        0x0
 .vfp11_veneer  0x000000000800a744        0x0 linker stubs

.v4_bx          0x000000000800a744        0x0
 .v4_bx         0x000000000800a744        0x0 linker stubs

.iplt           0x000000000800a744        0x0
 .iplt          0x000000000800a744        0x0 /opt/st/stm32cubeide_1.12.1/plugins/com.st.stm32cube.ide.mcu.externaltools.gnu-tools-for-stm32.10.3-2021.10.linux64_1.0.200.202301161003/tools/bin/../lib/gcc/arm-none-eabi/10.3.1/thumb/v7e-m+fp/hard/crtbegin.o

.rodata         0x000000000800a744      0x144
                0x000000000800a744                . = ALIGN (0x4)
 *(.rodata)
 .rodata        0x000000000800a744       0x33 ./Core/Src/main.o
 *fill*         0x000000000800a777        0x1 
 .rodata        0x000000000800a778       0x46 ./USB_DEVICE/App/usbd_desc.o
 *(.rodata*)
 *fill*         0x000000000800a7be        0x2 
 .rodata.AHBPrescTable
                0x000000000800a7c0       0x10 ./Core/Src/system_stm32f3xx.o
                0x000000000800a7c0                AHBPrescTable
 .rodata.aPLLMULFactorTable
                0x000000000800a7d0       0x10 ./Drivers/STM32F3xx_HAL_Driver/Src/stm32f3xx_hal_rcc.o
 .rodata.aPredivFactorTable
                0x000000000800a7e0       0x10 ./Drivers/STM32F3xx_HAL_Driver/Src/stm32f3xx_hal_rcc.o
 .rodata._global_impure_ptr
                0x000000000800a7f0        0x4 /opt/st/stm32cubeide_1.12.1/plugins/com.st.stm32cube.ide.mcu.externaltools.gnu-tools-for-stm32.10.3-2021.10.linux64_1.0.200.202301161003/tools/bin/../lib/gcc/arm-none-eabi/10.3.1/../../../../arm-none-eabi/lib/thumb/v7e-m+fp/hard/libc_nano.a(lib_a-impure.o)
                0x000000000800a7f0                _global_impure_ptr
 .rodata.__sf_fake_stderr
                0x000000000800a7f4       0x20 /opt/st/stm32cubeide_1.12.1/plugins/com.st.stm32cube.ide.mcu.externaltools.gnu-tools-for-stm32.10.3-2021.10.linux64_1.0.200.202301161003/tools/bin/../lib/gcc/arm-none-eabi/10.3.1/../../../../arm-none-eabi/lib/thumb/v7e-m+fp/hard/libc_nano.a(lib_a-findfp.o)
                0x000000000800a7f4                __sf_fake_stderr
 .rodata.__sf_fake_stdin
                0x000000000800a814       0x20 /opt/st/stm32cubeide_1.12.1/plugins/com.st.stm32cube.ide.mcu.externaltools.gnu-tools-for-stm32.10.3-2021.10.linux64_1.0.200.202301161003/tools/bin/../lib/gcc/arm-none-eabi/10.3.1/../../../../arm-none-eabi/lib/thumb/v7e-m+fp/hard/libc_nano.a(lib_a-findfp.o)
                0x000000000800a814                __sf_fake_stdin
 .rodata.__sf_fake_stdout
                0x000000000800a834       0x20 /opt/st/stm32cubeide_1.12.1/plugins/com.st.stm32cube.ide.mcu.externaltools.gnu-tools-for-stm32.10.3-2021.10.linux64_1.0.200.202301161003/tools/bin/../lib/gcc/arm-none-eabi/10.3.1/../../../../arm-none-eabi/lib/thumb/v7e-m+fp/hard/libc_nano.a(lib_a-findfp.o)
                0x000000000800a834                __sf_fake_stdout
 .rodata._vfprintf_r.str1.1
                0x000000000800a854       0x11 /opt/st/stm32cubeide_1.12.1/plugins/com.st.stm32cube.ide.mcu.externaltools.gnu-tools-for-stm32.10.3-2021.10.linux64_1.0.200.202301161003/tools/bin/../lib/gcc/arm-none-eabi/10.3.1/../../../../arm-none-eabi/lib/thumb/v7e-m+fp/hard/libc_nano.a(lib_a-nano-vfprintf.o)
 .rodata._printf_i.str1.1
                0x000000000800a865       0x22 /opt/st/stm32cubeide_1.12.1/plugins/com.st.stm32cube.ide.mcu.externaltools.gnu-tools-for-stm32.10.3-2021.10.linux64_1.0.200.202301161003/tools/bin/../lib/gcc/arm-none-eabi/10.3.1/../../../../arm-none-eabi/lib/thumb/v7e-m+fp/hard/libc_nano.a(lib_a-nano-vfprintf_i.o)
                0x000000000800a888                . = ALIGN (0x4)
 *fill*         0x000000000800a887        0x1 

.rel.dyn        0x000000000800a888        0x0
 .rel.iplt      0x000000000800a888        0x0 /opt/st/stm32cubeide_1.12.1/plugins/com.st.stm32cube.ide.mcu.externaltools.gnu-tools-for-stm32.10.3-2021.10.linux64_1.0.200.202301161003/tools/bin/../lib/gcc/arm-none-eabi/10.3.1/thumb/v7e-m+fp/hard/crtbegin.o

.ARM.extab      0x000000000800a888        0x0
                0x000000000800a888                . = ALIGN (0x4)
 *(.ARM.extab* .gnu.linkonce.armextab.*)
                0x000000000800a888                . = ALIGN (0x4)

.ARM            0x000000000800a888        0x0
                0x000000000800a888                . = ALIGN (0x4)
                0x000000000800a888                __exidx_start = .
 *(.ARM.exidx*)
                0x000000000800a888                __exidx_end = .
                0x000000000800a888                . = ALIGN (0x4)

.preinit_array  0x000000000800a888        0x0
                0x000000000800a888                . = ALIGN (0x4)
                0x000000000800a888                PROVIDE (__preinit_array_start = .)
 *(.preinit_array*)
                0x000000000800a888                PROVIDE (__preinit_array_end = .)
                0x000000000800a888                . = ALIGN (0x4)

.init_array     0x000000000800a888        0x4
                0x000000000800a888                . = ALIGN (0x4)
                0x000000000800a888                PROVIDE (__init_array_start = .)
 *(SORT_BY_NAME(.init_array.*))
 *(.init_array*)
 .init_array    0x000000000800a888        0x4 /opt/st/stm32cubeide_1.12.1/plugins/com.st.stm32cube.ide.mcu.externaltools.gnu-tools-for-stm32.10.3-2021.10.linux64_1.0.200.202301161003/tools/bin/../lib/gcc/arm-none-eabi/10.3.1/thumb/v7e-m+fp/hard/crtbegin.o
                0x000000000800a88c                PROVIDE (__init_array_end = .)
                0x000000000800a88c                . = ALIGN (0x4)

.fini_array     0x000000000800a88c        0x4
                0x000000000800a88c                . = ALIGN (0x4)
                [!provide]                        PROVIDE (__fini_array_start = .)
 *(SORT_BY_NAME(.fini_array.*))
 *(.fini_array*)
 .fini_array    0x000000000800a88c        0x4 /opt/st/stm32cubeide_1.12.1/plugins/com.st.stm32cube.ide.mcu.externaltools.gnu-tools-for-stm32.10.3-2021.10.linux64_1.0.200.202301161003/tools/bin/../lib/gcc/arm-none-eabi/10.3.1/thumb/v7e-m+fp/hard/crtbegin.o
                [!provide]                        PROVIDE (__fini_array_end = .)
                0x000000000800a890                . = ALIGN (0x4)
                0x000000000800a890                _sidata = LOADADDR (.data)

.data           0x0000000020000000      0x1e0 load address 0x000000000800a890
                0x0000000020000000                . = ALIGN (0x4)
                0x0000000020000000                _sdata = .
 *(.data)
 *(.data*)
 .data.SystemCoreClock
                0x0000000020000000        0x4 ./Core/Src/system_stm32f3xx.o
                0x0000000020000000                SystemCoreClock
 .data.uwTickPrio
                0x0000000020000004        0x4 ./Drivers/STM32F3xx_HAL_Driver/Src/stm32f3xx_hal.o
                0x0000000020000004                uwTickPrio
 .data.uwTickFreq
                0x0000000020000008        0x1 ./Drivers/STM32F3xx_HAL_Driver/Src/stm32f3xx_hal.o
                0x0000000020000008                uwTickFreq
 *fill*         0x0000000020000009        0x3 
 .data.USBD_CDC_DeviceQualifierDesc
                0x000000002000000c        0xa ./Middlewares/ST/STM32_USB_Device_Library/Class/CDC/Src/usbd_cdc.o
 *fill*         0x0000000020000016        0x2 
 .data.USBD_CDC
                0x0000000020000018       0x38 ./Middlewares/ST/STM32_USB_Device_Library/Class/CDC/Src/usbd_cdc.o
                0x0000000020000018                USBD_CDC
 .data.USBD_CDC_CfgHSDesc
                0x0000000020000050       0x43 ./Middlewares/ST/STM32_USB_Device_Library/Class/CDC/Src/usbd_cdc.o
                0x0000000020000050                USBD_CDC_CfgHSDesc
 *fill*         0x0000000020000093        0x1 
 .data.USBD_CDC_CfgFSDesc
                0x0000000020000094       0x43 ./Middlewares/ST/STM32_USB_Device_Library/Class/CDC/Src/usbd_cdc.o
                0x0000000020000094                USBD_CDC_CfgFSDesc
 *fill*         0x00000000200000d7        0x1 
 .data.USBD_CDC_OtherSpeedCfgDesc
                0x00000000200000d8       0x43 ./Middlewares/ST/STM32_USB_Device_Library/Class/CDC/Src/usbd_cdc.o
                0x00000000200000d8                USBD_CDC_OtherSpeedCfgDesc
 *fill*         0x000000002000011b        0x1 
 .data.USBD_Interface_fops_FS
                0x000000002000011c       0x10 ./USB_DEVICE/App/usbd_cdc_if.o
                0x000000002000011c                USBD_Interface_fops_FS
 .data.FS_Desc  0x000000002000012c       0x1c ./USB_DEVICE/App/usbd_desc.o
                0x000000002000012c                FS_Desc
 .data.USBD_FS_DeviceDesc
                0x0000000020000148       0x12 ./USB_DEVICE/App/usbd_desc.o
                0x0000000020000148                USBD_FS_DeviceDesc
 *fill*         0x000000002000015a        0x2 
 .data.USBD_LangIDDesc
                0x000000002000015c        0x4 ./USB_DEVICE/App/usbd_desc.o
                0x000000002000015c                USBD_LangIDDesc
 .data.USBD_StringSerial
                0x0000000020000160       0x1a ./USB_DEVICE/App/usbd_desc.o
                0x0000000020000160                USBD_StringSerial
 *fill*         0x000000002000017a        0x2 
 .data._impure_ptr
                0x000000002000017c        0x4 /opt/st/stm32cubeide_1.12.1/plugins/com.st.stm32cube.ide.mcu.externaltools.gnu-tools-for-stm32.10.3-2021.10.linux64_1.0.200.202301161003/tools/bin/../lib/gcc/arm-none-eabi/10.3.1/../../../../arm-none-eabi/lib/thumb/v7e-m+fp/hard/libc_nano.a(lib_a-impure.o)
                0x000000002000017c                _impure_ptr
 .data.impure_data
                0x0000000020000180       0x60 /opt/st/stm32cubeide_1.12.1/plugins/com.st.stm32cube.ide.mcu.externaltools.gnu-tools-for-stm32.10.3-2021.10.linux64_1.0.200.202301161003/tools/bin/../lib/gcc/arm-none-eabi/10.3.1/../../../../arm-none-eabi/lib/thumb/v7e-m+fp/hard/libc_nano.a(lib_a-impure.o)
 *(.RamFunc)
 *(.RamFunc*)
                0x00000000200001e0                . = ALIGN (0x4)
                0x00000000200001e0                _edata = .
                0x000000000800aa70                _siccmram = LOADADDR (.ccmram)

.igot.plt       0x00000000200001e0        0x0 load address 0x000000000800aa70
 .igot.plt      0x00000000200001e0        0x0 /opt/st/stm32cubeide_1.12.1/plugins/com.st.stm32cube.ide.mcu.externaltools.gnu-tools-for-stm32.10.3-2021.10.linux64_1.0.200.202301161003/tools/bin/../lib/gcc/arm-none-eabi/10.3.1/thumb/v7e-m+fp/hard/crtbegin.o

.ccmram         0x0000000010000000        0x0 load address 0x000000000800aa70
                0x0000000010000000                . = ALIGN (0x4)
                0x0000000010000000                _sccmram = .
 *(.ccmram)
 *(.ccmram*)
                0x0000000010000000                . = ALIGN (0x4)
                0x0000000010000000                _eccmram = .
                0x0000000010000000                . = ALIGN (0x4)

.bss            0x00000000200001e0     0x125c
                0x00000000200001e0                _sbss = .
                0x00000000200001e0                __bss_start__ = _sbss
 *(.bss)
 .bss           0x00000000200001e0       0x1c /opt/st/stm32cubeide_1.12.1/plugins/com.st.stm32cube.ide.mcu.externaltools.gnu-tools-for-stm32.10.3-2021.10.linux64_1.0.200.202301161003/tools/bin/../lib/gcc/arm-none-eabi/10.3.1/thumb/v7e-m+fp/hard/crtbegin.o
 *(.bss*)
 .bss.hi2c1     0x00000000200001fc       0x54 ./Core/Src/main.o
                0x00000000200001fc                hi2c1
 .bss.__sbrk_heap_end
                0x0000000020000250        0x4 ./Core/Src/sysmem.o
 .bss.uwTick    0x0000000020000254        0x4 ./Drivers/STM32F3xx_HAL_Driver/Src/stm32f3xx_hal.o
                0x0000000020000254                uwTick
 .bss.cfgidx.0  0x0000000020000258        0x1 ./Middlewares/ST/STM32_USB_Device_Library/Core/Src/usbd_ctlreq.o
 *fill*         0x0000000020000259        0x3 
 .bss.hUsbDeviceFS
                0x000000002000025c      0x2c4 ./USB_DEVICE/App/usb_device.o
                0x000000002000025c                hUsbDeviceFS
 .bss.UserRxBufferFS
                0x0000000020000520      0x400 ./USB_DEVICE/App/usbd_cdc_if.o
                0x0000000020000520                UserRxBufferFS
 .bss.UserTxBufferFS
                0x0000000020000920      0x400 ./USB_DEVICE/App/usbd_cdc_if.o
                0x0000000020000920                UserTxBufferFS
 .bss.USBD_StrDesc
                0x0000000020000d20      0x200 ./USB_DEVICE/App/usbd_desc.o
                0x0000000020000d20                USBD_StrDesc
 .bss.hpcd_USB_FS
                0x0000000020000f20      0x2ec ./USB_DEVICE/Target/usbd_conf.o
                0x0000000020000f20                hpcd_USB_FS
 .bss.mem.0     0x000000002000120c      0x220 ./USB_DEVICE/Target/usbd_conf.o
 .bss.__lock___malloc_recursive_mutex
                0x000000002000142c        0x1 /opt/st/stm32cubeide_1.12.1/plugins/com.st.stm32cube.ide.mcu.externaltools.gnu-tools-for-stm32.10.3-2021.10.linux64_1.0.200.202301161003/tools/bin/../lib/gcc/arm-none-eabi/10.3.1/../../../../arm-none-eabi/lib/thumb/v7e-m+fp/hard/libc_nano.a(lib_a-lock.o)
                0x000000002000142c                __lock___malloc_recursive_mutex
 .bss.__lock___sfp_recursive_mutex
                0x000000002000142d        0x1 /opt/st/stm32cubeide_1.12.1/plugins/com.st.stm32cube.ide.mcu.externaltools.gnu-tools-for-stm32.10.3-2021.10.linux64_1.0.200.202301161003/tools/bin/../lib/gcc/arm-none-eabi/10.3.1/../../../../arm-none-eabi/lib/thumb/v7e-m+fp/hard/libc_nano.a(lib_a-lock.o)
                0x000000002000142d                __lock___sfp_recursive_mutex
 .bss.__lock___sinit_recursive_mutex
                0x000000002000142e        0x1 /opt/st/stm32cubeide_1.12.1/plugins/com.st.stm32cube.ide.mcu.externaltools.gnu-tools-for-stm32.10.3-2021.10.linux64_1.0.200.202301161003/tools/bin/../lib/gcc/arm-none-eabi/10.3.1/../../../../arm-none-eabi/lib/thumb/v7e-m+fp/hard/libc_nano.a(lib_a-lock.o)
                0x000000002000142e                __lock___sinit_recursive_mutex
 *fill*         0x000000002000142f        0x1 
 .bss.__malloc_free_list
                0x0000000020001430        0x4 /opt/st/stm32cubeide_1.12.1/plugins/com.st.stm32cube.ide.mcu.externaltools.gnu-tools-for-stm32.10.3-2021.10.linux64_1.0.200.202301161003/tools/bin/../lib/gcc/arm-none-eabi/10.3.1/../../../../arm-none-eabi/lib/thumb/v7e-m+fp/hard/libc_nano.a(lib_a-nano-mallocr.o)
                0x0000000020001430                __malloc_free_list
 .bss.__malloc_sbrk_start
                0x0000000020001434        0x4 /opt/st/stm32cubeide_1.12.1/plugins/com.st.stm32cube.ide.mcu.externaltools.gnu-tools-for-stm32.10.3-2021.10.linux64_1.0.200.202301161003/tools/bin/../lib/gcc/arm-none-eabi/10.3.1/../../../../arm-none-eabi/lib/thumb/v7e-m+fp/hard/libc_nano.a(lib_a-nano-mallocr.o)
                0x0000000020001434                __malloc_sbrk_start
 .bss.errno     0x0000000020001438        0x4 /opt/st/stm32cubeide_1.12.1/plugins/com.st.stm32cube.ide.mcu.externaltools.gnu-tools-for-stm32.10.3-2021.10.linux64_1.0.200.202301161003/tools/bin/../lib/gcc/arm-none-eabi/10.3.1/../../../../arm-none-eabi/lib/thumb/v7e-m+fp/hard/libc_nano.a(lib_a-reent.o)
                0x0000000020001438                errno
 *(COMMON)
                0x000000002000143c                . = ALIGN (0x4)
                0x000000002000143c                _ebss = .
                0x000000002000143c                __bss_end__ = _ebss

._user_heap_stack
                0x000000002000143c      0xa04
                0x0000000020001440                . = ALIGN (0x8)
 *fill*         0x000000002000143c        0x4 
                [!provide]                        PROVIDE (end = .)
                0x0000000020001440                PROVIDE (_end = .)
                0x0000000020001a40                . = (. + _Min_Heap_Size)
 *fill*         0x0000000020001440      0x600 
                0x0000000020001e40                . = (. + _Min_Stack_Size)
 *fill*         0x0000000020001a40      0x400 
                0x0000000020001e40                . = ALIGN (0x8)

/DISCARD/
 libc.a(*)
 libm.a(*)
 libgcc.a(*)

.ARM.attributes
                0x0000000000000000       0x30
 *(.ARM.attributes)
 .ARM.attributes
                0x0000000000000000       0x1e /opt/st/stm32cubeide_1.12.1/plugins/com.st.stm32cube.ide.mcu.externaltools.gnu-tools-for-stm32.10.3-2021.10.linux64_1.0.200.202301161003/tools/bin/../lib/gcc/arm-none-eabi/10.3.1/thumb/v7e-m+fp/hard/crti.o
 .ARM.attributes
                0x000000000000001e       0x34 /opt/st/stm32cubeide_1.12.1/plugins/com.st.stm32cube.ide.mcu.externaltools.gnu-tools-for-stm32.10.3-2021.10.linux64_1.0.200.202301161003/tools/bin/../lib/gcc/arm-none-eabi/10.3.1/thumb/v7e-m+fp/hard/crtbegin.o
 .ARM.attributes
                0x0000000000000052       0x34 ./Core/Src/main.o
 .ARM.attributes
                0x0000000000000086       0x34 ./Core/Src/stm32f3xx_hal_msp.o
 .ARM.attributes
                0x00000000000000ba       0x34 ./Core/Src/stm32f3xx_it.o
 .ARM.attributes
                0x00000000000000ee       0x34 ./Core/Src/syscalls.o
 .ARM.attributes
                0x0000000000000122       0x34 ./Core/Src/sysmem.o
 .ARM.attributes
                0x0000000000000156       0x34 ./Core/Src/system_stm32f3xx.o
 .ARM.attributes
                0x000000000000018a       0x21 ./Core/Startup/startup_stm32f303cbtx.o
 .ARM.attributes
                0x00000000000001ab       0x34 ./Drivers/STM32F3xx_HAL_Driver/Src/stm32f3xx_hal.o
 .ARM.attributes
                0x00000000000001df       0x34 ./Drivers/STM32F3xx_HAL_Driver/Src/stm32f3xx_hal_cortex.o
 .ARM.attributes
                0x0000000000000213       0x34 ./Drivers/STM32F3xx_HAL_Driver/Src/stm32f3xx_hal_gpio.o
 .ARM.attributes
                0x0000000000000247       0x34 ./Drivers/STM32F3xx_HAL_Driver/Src/stm32f3xx_hal_i2c.o
 .ARM.attributes
                0x000000000000027b       0x34 ./Drivers/STM32F3xx_HAL_Driver/Src/stm32f3xx_hal_i2c_ex.o
 .ARM.attributes
                0x00000000000002af       0x34 ./Drivers/STM32F3xx_HAL_Driver/Src/stm32f3xx_hal_pcd.o
 .ARM.attributes
                0x00000000000002e3       0x34 ./Drivers/STM32F3xx_HAL_Driver/Src/stm32f3xx_hal_pcd_ex.o
 .ARM.attributes
                0x0000000000000317       0x34 ./Drivers/STM32F3xx_HAL_Driver/Src/stm32f3xx_hal_rcc.o
 .ARM.attributes
                0x000000000000034b       0x34 ./Drivers/STM32F3xx_HAL_Driver/Src/stm32f3xx_hal_rcc_ex.o
 .ARM.attributes
                0x000000000000037f       0x34 ./Drivers/STM32F3xx_HAL_Driver/Src/stm32f3xx_ll_usb.o
 .ARM.attributes
                0x00000000000003b3       0x34 ./Middlewares/ST/STM32_USB_Device_Library/Class/CDC/Src/usbd_cdc.o
 .ARM.attributes
                0x00000000000003e7       0x34 ./Middlewares/ST/STM32_USB_Device_Library/Core/Src/usbd_core.o
 .ARM.attributes
                0x000000000000041b       0x34 ./Middlewares/ST/STM32_USB_Device_Library/Core/Src/usbd_ctlreq.o
 .ARM.attributes
                0x000000000000044f       0x34 ./Middlewares/ST/STM32_USB_Device_Library/Core/Src/usbd_ioreq.o
 .ARM.attributes
                0x0000000000000483       0x34 ./USB_DEVICE/App/usb_device.o
 .ARM.attributes
                0x00000000000004b7       0x34 ./USB_DEVICE/App/usbd_cdc_if.o
 .ARM.attributes
                0x00000000000004eb       0x34 ./USB_DEVICE/App/usbd_desc.o
 .ARM.attributes
                0x000000000000051f       0x34 ./USB_DEVICE/Target/usbd_conf.o
 .ARM.attributes
                0x0000000000000553       0x34 /opt/st/stm32cubeide_1.12.1/plugins/com.st.stm32cube.ide.mcu.externaltools.gnu-tools-for-stm32.10.3-2021.10.linux64_1.0.200.202301161003/tools/bin/../lib/gcc/arm-none-eabi/10.3.1/../../../../arm-none-eabi/lib/thumb/v7e-m+fp/hard/libc_nano.a(lib_a-errno.o)
 .ARM.attributes
                0x0000000000000587       0x34 /opt/st/stm32cubeide_1.12.1/plugins/com.st.stm32cube.ide.mcu.externaltools.gnu-tools-for-stm32.10.3-2021.10.linux64_1.0.200.202301161003/tools/bin/../lib/gcc/arm-none-eabi/10.3.1/../../../../arm-none-eabi/lib/thumb/v7e-m+fp/hard/libc_nano.a(lib_a-impure.o)
 .ARM.attributes
                0x00000000000005bb       0x34 /opt/st/stm32cubeide_1.12.1/plugins/com.st.stm32cube.ide.mcu.externaltools.gnu-tools-for-stm32.10.3-2021.10.linux64_1.0.200.202301161003/tools/bin/../lib/gcc/arm-none-eabi/10.3.1/../../../../arm-none-eabi/lib/thumb/v7e-m+fp/hard/libc_nano.a(lib_a-init.o)
 .ARM.attributes
                0x00000000000005ef       0x34 /opt/st/stm32cubeide_1.12.1/plugins/com.st.stm32cube.ide.mcu.externaltools.gnu-tools-for-stm32.10.3-2021.10.linux64_1.0.200.202301161003/tools/bin/../lib/gcc/arm-none-eabi/10.3.1/../../../../arm-none-eabi/lib/thumb/v7e-m+fp/hard/libc_nano.a(lib_a-memset.o)
 .ARM.attributes
                0x0000000000000623       0x34 /opt/st/stm32cubeide_1.12.1/plugins/com.st.stm32cube.ide.mcu.externaltools.gnu-tools-for-stm32.10.3-2021.10.linux64_1.0.200.202301161003/tools/bin/../lib/gcc/arm-none-eabi/10.3.1/../../../../arm-none-eabi/lib/thumb/v7e-m+fp/hard/libc_nano.a(lib_a-printf.o)
 .ARM.attributes
                0x0000000000000657       0x34 /opt/st/stm32cubeide_1.12.1/plugins/com.st.stm32cube.ide.mcu.externaltools.gnu-tools-for-stm32.10.3-2021.10.linux64_1.0.200.202301161003/tools/bin/../lib/gcc/arm-none-eabi/10.3.1/../../../../arm-none-eabi/lib/thumb/v7e-m+fp/hard/libc_nano.a(lib_a-findfp.o)
 .ARM.attributes
                0x000000000000068b       0x34 /opt/st/stm32cubeide_1.12.1/plugins/com.st.stm32cube.ide.mcu.externaltools.gnu-tools-for-stm32.10.3-2021.10.linux64_1.0.200.202301161003/tools/bin/../lib/gcc/arm-none-eabi/10.3.1/../../../../arm-none-eabi/lib/thumb/v7e-m+fp/hard/libc_nano.a(lib_a-fwalk.o)
 .ARM.attributes
                0x00000000000006bf       0x34 /opt/st/stm32cubeide_1.12.1/plugins/com.st.stm32cube.ide.mcu.externaltools.gnu-tools-for-stm32.10.3-2021.10.linux64_1.0.200.202301161003/tools/bin/../lib/gcc/arm-none-eabi/10.3.1/../../../../arm-none-eabi/lib/thumb/v7e-m+fp/hard/libc_nano.a(lib_a-lock.o)
 .ARM.attributes
                0x00000000000006f3       0x34 /opt/st/stm32cubeide_1.12.1/plugins/com.st.stm32cube.ide.mcu.externaltools.gnu-tools-for-stm32.10.3-2021.10.linux64_1.0.200.202301161003/tools/bin/../lib/gcc/arm-none-eabi/10.3.1/../../../../arm-none-eabi/lib/thumb/v7e-m+fp/hard/libc_nano.a(lib_a-nano-mallocr.o)
 .ARM.attributes
                0x0000000000000727       0x34 /opt/st/stm32cubeide_1.12.1/plugins/com.st.stm32cube.ide.mcu.externaltools.gnu-tools-for-stm32.10.3-2021.10.linux64_1.0.200.202301161003/tools/bin/../lib/gcc/arm-none-eabi/10.3.1/../../../../arm-none-eabi/lib/thumb/v7e-m+fp/hard/libc_nano.a(lib_a-nano-vfprintf.o)
 .ARM.attributes
                0x000000000000075b       0x34 /opt/st/stm32cubeide_1.12.1/plugins/com.st.stm32cube.ide.mcu.externaltools.gnu-tools-for-stm32.10.3-2021.10.linux64_1.0.200.202301161003/tools/bin/../lib/gcc/arm-none-eabi/10.3.1/../../../../arm-none-eabi/lib/thumb/v7e-m+fp/hard/libc_nano.a(lib_a-nano-vfprintf_i.o)
 .ARM.attributes
                0x000000000000078f       0x34 /opt/st/stm32cubeide_1.12.1/plugins/com.st.stm32cube.ide.mcu.externaltools.gnu-tools-for-stm32.10.3-2021.10.linux64_1.0.200.202301161003/tools/bin/../lib/gcc/arm-none-eabi/10.3.1/../../../../arm-none-eabi/lib/thumb/v7e-m+fp/hard/libc_nano.a(lib_a-sbrkr.o)
 .ARM.attributes
                0x00000000000007c3       0x34 /opt/st/stm32cubeide_1.12.1/plugins/com.st.stm32cube.ide.mcu.externaltools.gnu-tools-for-stm32.10.3-2021.10.linux64_1.0.200.202301161003/tools/bin/../lib/gcc/arm-none-eabi/10.3.1/../../../../arm-none-eabi/lib/thumb/v7e-m+fp/hard/libc_nano.a(lib_a-stdio.o)
 .ARM.attributes
                0x00000000000007f7       0x34 /opt/st/stm32cubeide_1.12.1/plugins/com.st.stm32cube.ide.mcu.externaltools.gnu-tools-for-stm32.10.3-2021.10.linux64_1.0.200.202301161003/tools/bin/../lib/gcc/arm-none-eabi/10.3.1/../../../../arm-none-eabi/lib/thumb/v7e-m+fp/hard/libc_nano.a(lib_a-wbuf.o)
 .ARM.attributes
                0x000000000000082b       0x34 /opt/st/stm32cubeide_1.12.1/plugins/com.st.stm32cube.ide.mcu.externaltools.gnu-tools-for-stm32.10.3-2021.10.linux64_1.0.200.202301161003/tools/bin/../lib/gcc/arm-none-eabi/10.3.1/../../../../arm-none-eabi/lib/thumb/v7e-m+fp/hard/libc_nano.a(lib_a-writer.o)
 .ARM.attributes
                0x000000000000085f       0x34 /opt/st/stm32cubeide_1.12.1/plugins/com.st.stm32cube.ide.mcu.externaltools.gnu-tools-for-stm32.10.3-2021.10.linux64_1.0.200.202301161003/tools/bin/../lib/gcc/arm-none-eabi/10.3.1/../../../../arm-none-eabi/lib/thumb/v7e-m+fp/hard/libc_nano.a(lib_a-wsetup.o)
 .ARM.attributes
                0x0000000000000893       0x34 /opt/st/stm32cubeide_1.12.1/plugins/com.st.stm32cube.ide.mcu.externaltools.gnu-tools-for-stm32.10.3-2021.10.linux64_1.0.200.202301161003/tools/bin/../lib/gcc/arm-none-eabi/10.3.1/../../../../arm-none-eabi/lib/thumb/v7e-m+fp/hard/libc_nano.a(lib_a-closer.o)
 .ARM.attributes
                0x00000000000008c7       0x34 /opt/st/stm32cubeide_1.12.1/plugins/com.st.stm32cube.ide.mcu.externaltools.gnu-tools-for-stm32.10.3-2021.10.linux64_1.0.200.202301161003/tools/bin/../lib/gcc/arm-none-eabi/10.3.1/../../../../arm-none-eabi/lib/thumb/v7e-m+fp/hard/libc_nano.a(lib_a-fflush.o)
 .ARM.attributes
                0x00000000000008fb       0x34 /opt/st/stm32cubeide_1.12.1/plugins/com.st.stm32cube.ide.mcu.externaltools.gnu-tools-for-stm32.10.3-2021.10.linux64_1.0.200.202301161003/tools/bin/../lib/gcc/arm-none-eabi/10.3.1/../../../../arm-none-eabi/lib/thumb/v7e-m+fp/hard/libc_nano.a(lib_a-lseekr.o)
 .ARM.attributes
                0x000000000000092f       0x34 /opt/st/stm32cubeide_1.12.1/plugins/com.st.stm32cube.ide.mcu.externaltools.gnu-tools-for-stm32.10.3-2021.10.linux64_1.0.200.202301161003/tools/bin/../lib/gcc/arm-none-eabi/10.3.1/../../../../arm-none-eabi/lib/thumb/v7e-m+fp/hard/libc_nano.a(lib_a-makebuf.o)
 .ARM.attributes
                0x0000000000000963       0x1c /opt/st/stm32cubeide_1.12.1/plugins/com.st.stm32cube.ide.mcu.externaltools.gnu-tools-for-stm32.10.3-2021.10.linux64_1.0.200.202301161003/tools/bin/../lib/gcc/arm-none-eabi/10.3.1/../../../../arm-none-eabi/lib/thumb/v7e-m+fp/hard/libc_nano.a(lib_a-memchr.o)
 .ARM.attributes
                0x000000000000097f       0x34 /opt/st/stm32cubeide_1.12.1/plugins/com.st.stm32cube.ide.mcu.externaltools.gnu-tools-for-stm32.10.3-2021.10.linux64_1.0.200.202301161003/tools/bin/../lib/gcc/arm-none-eabi/10.3.1/../../../../arm-none-eabi/lib/thumb/v7e-m+fp/hard/libc_nano.a(lib_a-mlock.o)
 .ARM.attributes
                0x00000000000009b3       0x34 /opt/st/stm32cubeide_1.12.1/plugins/com.st.stm32cube.ide.mcu.externaltools.gnu-tools-for-stm32.10.3-2021.10.linux64_1.0.200.202301161003/tools/bin/../lib/gcc/arm-none-eabi/10.3.1/../../../../arm-none-eabi/lib/thumb/v7e-m+fp/hard/libc_nano.a(lib_a-nano-freer.o)
 .ARM.attributes
                0x00000000000009e7       0x34 /opt/st/stm32cubeide_1.12.1/plugins/com.st.stm32cube.ide.mcu.externaltools.gnu-tools-for-stm32.10.3-2021.10.linux64_1.0.200.202301161003/tools/bin/../lib/gcc/arm-none-eabi/10.3.1/../../../../arm-none-eabi/lib/thumb/v7e-m+fp/hard/libc_nano.a(lib_a-readr.o)
 .ARM.attributes
                0x0000000000000a1b       0x34 /opt/st/stm32cubeide_1.12.1/plugins/com.st.stm32cube.ide.mcu.externaltools.gnu-tools-for-stm32.10.3-2021.10.linux64_1.0.200.202301161003/tools/bin/../lib/gcc/arm-none-eabi/10.3.1/../../../../arm-none-eabi/lib/thumb/v7e-m+fp/hard/libc_nano.a(lib_a-reent.o)
 .ARM.attributes
                0x0000000000000a4f       0x34 /opt/st/stm32cubeide_1.12.1/plugins/com.st.stm32cube.ide.mcu.externaltools.gnu-tools-for-stm32.10.3-2021.10.linux64_1.0.200.202301161003/tools/bin/../lib/gcc/arm-none-eabi/10.3.1/../../../../arm-none-eabi/lib/thumb/v7e-m+fp/hard/libc_nano.a(lib_a-fstatr.o)
 .ARM.attributes
                0x0000000000000a83       0x34 /opt/st/stm32cubeide_1.12.1/plugins/com.st.stm32cube.ide.mcu.externaltools.gnu-tools-for-stm32.10.3-2021.10.linux64_1.0.200.202301161003/tools/bin/../lib/gcc/arm-none-eabi/10.3.1/../../../../arm-none-eabi/lib/thumb/v7e-m+fp/hard/libc_nano.a(lib_a-isattyr.o)
 .ARM.attributes
                0x0000000000000ab7       0x1e /opt/st/stm32cubeide_1.12.1/plugins/com.st.stm32cube.ide.mcu.externaltools.gnu-tools-for-stm32.10.3-2021.10.linux64_1.0.200.202301161003/tools/bin/../lib/gcc/arm-none-eabi/10.3.1/thumb/v7e-m+fp/hard/crtn.o
OUTPUT(WAD_board.elf elf32-littlearm)
LOAD linker stubs
LOAD /opt/st/stm32cubeide_1.12.1/plugins/com.st.stm32cube.ide.mcu.externaltools.gnu-tools-for-stm32.10.3-2021.10.linux64_1.0.200.202301161003/tools/bin/../lib/gcc/arm-none-eabi/10.3.1/../../../../arm-none-eabi/lib/thumb/v7e-m+fp/hard/libc.a
LOAD /opt/st/stm32cubeide_1.12.1/plugins/com.st.stm32cube.ide.mcu.externaltools.gnu-tools-for-stm32.10.3-2021.10.linux64_1.0.200.202301161003/tools/bin/../lib/gcc/arm-none-eabi/10.3.1/../../../../arm-none-eabi/lib/thumb/v7e-m+fp/hard/libm.a
LOAD /opt/st/stm32cubeide_1.12.1/plugins/com.st.stm32cube.ide.mcu.externaltools.gnu-tools-for-stm32.10.3-2021.10.linux64_1.0.200.202301161003/tools/bin/../lib/gcc/arm-none-eabi/10.3.1/thumb/v7e-m+fp/hard/libgcc.a

.debug_info     0x0000000000000000    0x12353
 .debug_info    0x0000000000000000     0x1404 ./Core/Src/main.o
 .debug_info    0x0000000000001404      0x917 ./Core/Src/stm32f3xx_hal_msp.o
 .debug_info    0x0000000000001d1b      0x645 ./Core/Src/stm32f3xx_it.o
 .debug_info    0x0000000000002360      0x6e0 ./Core/Src/syscalls.o
 .debug_info    0x0000000000002a40      0x171 ./Core/Src/sysmem.o
 .debug_info    0x0000000000002bb1      0x416 ./Core/Src/system_stm32f3xx.o
 .debug_info    0x0000000000002fc7       0x22 ./Core/Startup/startup_stm32f303cbtx.o
 .debug_info    0x0000000000002fe9      0x807 ./Drivers/STM32F3xx_HAL_Driver/Src/stm32f3xx_hal.o
 .debug_info    0x00000000000037f0      0xd85 ./Drivers/STM32F3xx_HAL_Driver/Src/stm32f3xx_hal_cortex.o
 .debug_info    0x0000000000004575      0x68a ./Drivers/STM32F3xx_HAL_Driver/Src/stm32f3xx_hal_gpio.o
 .debug_info    0x0000000000004bff     0x226b ./Drivers/STM32F3xx_HAL_Driver/Src/stm32f3xx_hal_i2c.o
 .debug_info    0x0000000000006e6a      0x8ab ./Drivers/STM32F3xx_HAL_Driver/Src/stm32f3xx_hal_i2c_ex.o
 .debug_info    0x0000000000007715     0x1784 ./Drivers/STM32F3xx_HAL_Driver/Src/stm32f3xx_hal_pcd.o
 .debug_info    0x0000000000008e99      0x70c ./Drivers/STM32F3xx_HAL_Driver/Src/stm32f3xx_hal_pcd_ex.o
 .debug_info    0x00000000000095a5     0x1585 ./Drivers/STM32F3xx_HAL_Driver/Src/stm32f3xx_hal_rcc.o
 .debug_info    0x000000000000ab2a      0x628 ./Drivers/STM32F3xx_HAL_Driver/Src/stm32f3xx_hal_rcc_ex.o
 .debug_info    0x000000000000b152     0x16f1 ./Drivers/STM32F3xx_HAL_Driver/Src/stm32f3xx_ll_usb.o
 .debug_info    0x000000000000c843     0x10d5 ./Middlewares/ST/STM32_USB_Device_Library/Class/CDC/Src/usbd_cdc.o
 .debug_info    0x000000000000d918      0xb02 ./Middlewares/ST/STM32_USB_Device_Library/Core/Src/usbd_core.o
 .debug_info    0x000000000000e41a      0x9b6 ./Middlewares/ST/STM32_USB_Device_Library/Core/Src/usbd_ctlreq.o
 .debug_info    0x000000000000edd0      0x715 ./Middlewares/ST/STM32_USB_Device_Library/Core/Src/usbd_ioreq.o
 .debug_info    0x000000000000f4e5      0x679 ./USB_DEVICE/App/usb_device.o
 .debug_info    0x000000000000fb5e      0x828 ./USB_DEVICE/App/usbd_cdc_if.o
 .debug_info    0x0000000000010386      0x484 ./USB_DEVICE/App/usbd_desc.o
 .debug_info    0x000000000001080a     0x1b49 ./USB_DEVICE/Target/usbd_conf.o

.debug_abbrev   0x0000000000000000     0x3259
 .debug_abbrev  0x0000000000000000      0x36d ./Core/Src/main.o
 .debug_abbrev  0x000000000000036d      0x19f ./Core/Src/stm32f3xx_hal_msp.o
 .debug_abbrev  0x000000000000050c      0x188 ./Core/Src/stm32f3xx_it.o
 .debug_abbrev  0x0000000000000694      0x1b3 ./Core/Src/syscalls.o
 .debug_abbrev  0x0000000000000847       0xbb ./Core/Src/sysmem.o
 .debug_abbrev  0x0000000000000902      0x116 ./Core/Src/system_stm32f3xx.o
 .debug_abbrev  0x0000000000000a18       0x12 ./Core/Startup/startup_stm32f303cbtx.o
 .debug_abbrev  0x0000000000000a2a      0x20e ./Drivers/STM32F3xx_HAL_Driver/Src/stm32f3xx_hal.o
 .debug_abbrev  0x0000000000000c38      0x316 ./Drivers/STM32F3xx_HAL_Driver/Src/stm32f3xx_hal_cortex.o
 .debug_abbrev  0x0000000000000f4e      0x1bb ./Drivers/STM32F3xx_HAL_Driver/Src/stm32f3xx_hal_gpio.o
 .debug_abbrev  0x0000000000001109      0x24a ./Drivers/STM32F3xx_HAL_Driver/Src/stm32f3xx_hal_i2c.o
 .debug_abbrev  0x0000000000001353      0x1b0 ./Drivers/STM32F3xx_HAL_Driver/Src/stm32f3xx_hal_i2c_ex.o
 .debug_abbrev  0x0000000000001503      0x2c0 ./Drivers/STM32F3xx_HAL_Driver/Src/stm32f3xx_hal_pcd.o
 .debug_abbrev  0x00000000000017c3      0x17f ./Drivers/STM32F3xx_HAL_Driver/Src/stm32f3xx_hal_pcd_ex.o
 .debug_abbrev  0x0000000000001942      0x2f9 ./Drivers/STM32F3xx_HAL_Driver/Src/stm32f3xx_hal_rcc.o
 .debug_abbrev  0x0000000000001c3b      0x240 ./Drivers/STM32F3xx_HAL_Driver/Src/stm32f3xx_hal_rcc_ex.o
 .debug_abbrev  0x0000000000001e7b      0x22f ./Drivers/STM32F3xx_HAL_Driver/Src/stm32f3xx_ll_usb.o
 .debug_abbrev  0x00000000000020aa      0x2c0 ./Middlewares/ST/STM32_USB_Device_Library/Class/CDC/Src/usbd_cdc.o
 .debug_abbrev  0x000000000000236a      0x236 ./Middlewares/ST/STM32_USB_Device_Library/Core/Src/usbd_core.o
 .debug_abbrev  0x00000000000025a0      0x257 ./Middlewares/ST/STM32_USB_Device_Library/Core/Src/usbd_ctlreq.o
 .debug_abbrev  0x00000000000027f7      0x183 ./Middlewares/ST/STM32_USB_Device_Library/Core/Src/usbd_ioreq.o
 .debug_abbrev  0x000000000000297a      0x183 ./USB_DEVICE/App/usb_device.o
 .debug_abbrev  0x0000000000002afd      0x252 ./USB_DEVICE/App/usbd_cdc_if.o