../Drivers/CMSIS/Include/core_cm4.h:2064:26:ITM_SendChar	16	static,ignoring_inline_asm
../Core/Src/main.c:57:5:_write	32	static
../Core/Src/main.c:107:5:main	72	static
../Core/Src/main.c:214:6:SystemClock_Config	128	static
../Core/Src/main.c:262:13:MX_I2C1_Init	8	static
../Core/Src/main.c:310:13:MX_GPIO_Init	40	static
../Core/Src/main.c:345:13:transmit_component_fields_USB	104	static
../Core/Src/main.c:411:13:transmit_field_USB	56	static
../Core/Src/main.c:447:16:compute_Bt_squared	24	static
../Core/Src/main.c:457:13:hall_sensor_init	40	static
../Core/Src/main.c:478:16:convert_8_to_16	24	static
../Core/Src/main.c:493:16:get_component_field	56	static
../Core/Src/main.c:529:16:single_read_component_field	64	static
../Core/Src/main.c:583:6:Error_Handler	4	static,ignoring_inline_asm
