../Drivers/CMSIS/Include/core_cm4.h:2064:26:ITM_SendChar	16	static,ignoring_inline_asm
../Core/Src/main.c:54:5:_write	32	static
../Core/Src/main.c:101:5:main	56	static
../Core/Src/main.c:181:6:SystemClock_Config	128	static
../Core/Src/main.c:229:13:MX_I2C1_Init	8	static
../Core/Src/main.c:277:13:MX_GPIO_Init	40	static
../Core/Src/main.c:317:13:transmit_component_fields_USB	80	static
../Core/Src/main.c:371:13:hall_sensor_init	40	static
../Core/Src/main.c:392:16:convert_8_to_16	24	static
../Core/Src/main.c:407:16:single_read_component_field	64	static
../Core/Src/main.c:461:6:Error_Handler	4	static,ignoring_inline_asm
